12-22 20:20:57.615  8963  8988 I TestRunner: started: order_reset_after_cancel_from_side_menu(com.example.lunchtray.OrderFunctionalityTests)
12-22 20:20:57.618  8963  8963 D LifecycleMonitor: Lifecycle status change: androidx.fragment.app.testing.FragmentScenario$EmptyFragmentActivity@62dfe08 in: DESTROYED
12-22 20:20:57.619  8963  8963 V ActivityScenario: Activity lifecycle changed event received but ignored because the intent does not match. startActivityIntent=Intent { act=android.intent.action.MAIN cat=[android.intent.category.LAUNCHER] cmp=com.example.lunchtray/.MainActivity }, activity.getIntent()=Intent { act=android.intent.action.MAIN cat=[android.intent.category.LAUNCHER] cmp=com.example.lunchtray/androidx.fragment.app.testing.FragmentScenario$EmptyFragmentActivity (has extras) }, activity=androidx.fragment.app.testing.FragmentScenario$EmptyFragmentActivity@62dfe08
12-22 20:20:57.621  8963  8963 V ActivityScenario: Activity lifecycle changed event received but ignored because the intent does not match. startActivityIntent=Intent { act=android.intent.action.MAIN cat=[android.intent.category.LAUNCHER] cmp=com.example.lunchtray/.MainActivity }, activity.getIntent()=Intent { act=android.intent.action.MAIN cat=[android.intent.category.LAUNCHER] cmp=com.example.lunchtray/androidx.fragment.app.testing.FragmentScenario$EmptyFragmentActivity (has extras) }, activity=androidx.fragment.app.testing.FragmentScenario$EmptyFragmentActivity@62dfe08
12-22 20:20:57.621  8963  8963 V ActivityScenario: Update currentActivityStage to DESTROYED, currentActivity=null
12-22 20:20:57.622  8963  8963 W WindowOnBackDispatcher: sendCancelIfRunning: isInProgress=falsecallback=android.view.ViewRootImpl$$ExternalSyntheticLambda17@560f938
12-22 20:20:57.632   573  2189 W InputManager-JNI: Input channel object 'ef2a871 com.example.lunchtray/androidx.fragment.app.testing.FragmentScenario$EmptyFragmentActivity (client)' was disposed without first being removed with the input manager!
12-22 20:20:57.675  8963  8988 W Settings: Setting always_finish_activities has moved from android.provider.Settings.System to android.provider.Settings.Global, returning read-only value.
12-22 20:20:57.707  1001  1071 D SplashScreenView: Build android.window.SplashScreenView{cf405d8 V.E...... ......ID 0,0-0,0}
12-22 20:20:57.707  1001  1071 D SplashScreenView: Icon: view: null drawable: null size: 0
12-22 20:20:57.707  1001  1071 D SplashScreenView: Branding: view: android.view.View{abe7d31 G.ED..... ......I. 0,0-0,0 #10204ef android:id/splashscreen_branding_view} drawable: null size w: 0 h: 0
12-22 20:20:57.740  8963  8963 D LifecycleMonitor: Lifecycle status change: androidx.test.core.app.InstrumentationActivityInvoker$BootstrapActivity@dd12e62 in: PRE_ON_CREATE
12-22 20:20:57.742  8963  8963 V ActivityScenario: Activity lifecycle changed event received but ignored because the intent does not match. startActivityIntent=Intent { act=android.intent.action.MAIN cat=[android.intent.category.LAUNCHER] cmp=com.example.lunchtray/.MainActivity }, activity.getIntent()=Intent { act=android.intent.action.MAIN cat=[android.intent.category.LAUNCHER] flg=0x10008000 cmp=com.example.lunchtray/androidx.test.core.app.InstrumentationActivityInvoker$BootstrapActivity (has extras) }, activity=androidx.test.core.app.InstrumentationActivityInvoker$BootstrapActivity@dd12e62
12-22 20:20:57.743  8963  8963 V ActivityScenario: Activity lifecycle changed event received but ignored because the intent does not match. startActivityIntent=Intent { act=android.intent.action.MAIN cat=[android.intent.category.LAUNCHER] cmp=com.example.lunchtray/.MainActivity }, activity.getIntent()=Intent { act=android.intent.action.MAIN cat=[android.intent.category.LAUNCHER] flg=0x10008000 cmp=com.example.lunchtray/androidx.test.core.app.InstrumentationActivityInvoker$BootstrapActivity (has extras) }, activity=androidx.test.core.app.InstrumentationActivityInvoker$BootstrapActivity@dd12e62
12-22 20:20:57.745  8963  8963 V ActivityScenario: Activity lifecycle changed event received but ignored because the intent does not match. startActivityIntent=Intent { act=android.intent.action.MAIN cat=[android.intent.category.LAUNCHER] cmp=com.example.lunchtray/androidx.fragment.app.testing.FragmentScenario$EmptyFragmentActivity (has extras) }, activity.getIntent()=Intent { act=android.intent.action.MAIN cat=[android.intent.category.LAUNCHER] flg=0x10008000 cmp=com.example.lunchtray/androidx.test.core.app.InstrumentationActivityInvoker$BootstrapActivity (has extras) }, activity=androidx.test.core.app.InstrumentationActivityInvoker$BootstrapActivity@dd12e62
12-22 20:20:57.752  8963  8963 V ActivityScenario: Activity lifecycle changed event received but ignored because the intent does not match. startActivityIntent=Intent { act=android.intent.action.MAIN cat=[android.intent.category.LAUNCHER] cmp=com.example.lunchtray/.MainActivity }, activity.getIntent()=Intent { act=android.intent.action.MAIN cat=[android.intent.category.LAUNCHER] flg=0x10008000 cmp=com.example.lunchtray/androidx.test.core.app.InstrumentationActivityInvoker$BootstrapActivity (has extras) }, activity=androidx.test.core.app.InstrumentationActivityInvoker$BootstrapActivity@dd12e62
12-22 20:20:57.761   424   424 I BpBinder: onLastStrongRef automatically unlinking death recipients:
12-22 20:20:57.774  8963  8963 D LifecycleMonitor: Lifecycle status change: androidx.test.core.app.InstrumentationActivityInvoker$BootstrapActivity@dd12e62 in: CREATED
12-22 20:20:57.776  8963  8963 V ActivityScenario: Activity lifecycle changed event received but ignored because the intent does not match. startActivityIntent=Intent { act=android.intent.action.MAIN cat=[android.intent.category.LAUNCHER] cmp=com.example.lunchtray/.MainActivity }, activity.getIntent()=Intent { act=android.intent.action.MAIN cat=[android.intent.category.LAUNCHER] flg=0x10008000 cmp=com.example.lunchtray/androidx.test.core.app.InstrumentationActivityInvoker$BootstrapActivity (has extras) }, activity=androidx.test.core.app.InstrumentationActivityInvoker$BootstrapActivity@dd12e62
12-22 20:20:57.777  8963  8963 V ActivityScenario: Activity lifecycle changed event received but ignored because the intent does not match. startActivityIntent=Intent { act=android.intent.action.MAIN cat=[android.intent.category.LAUNCHER] cmp=com.example.lunchtray/.MainActivity }, activity.getIntent()=Intent { act=android.intent.action.MAIN cat=[android.intent.category.LAUNCHER] flg=0x10008000 cmp=com.example.lunchtray/androidx.test.core.app.InstrumentationActivityInvoker$BootstrapActivity (has extras) }, activity=androidx.test.core.app.InstrumentationActivityInvoker$BootstrapActivity@dd12e62
12-22 20:20:57.779  8963  8963 V ActivityScenario: Activity lifecycle changed event received but ignored because the intent does not match. startActivityIntent=Intent { act=android.intent.action.MAIN cat=[android.intent.category.LAUNCHER] cmp=com.example.lunchtray/androidx.fragment.app.testing.FragmentScenario$EmptyFragmentActivity (has extras) }, activity.getIntent()=Intent { act=android.intent.action.MAIN cat=[android.intent.category.LAUNCHER] flg=0x10008000 cmp=com.example.lunchtray/androidx.test.core.app.InstrumentationActivityInvoker$BootstrapActivity (has extras) }, activity=androidx.test.core.app.InstrumentationActivityInvoker$BootstrapActivity@dd12e62
12-22 20:20:57.781  8963  8963 V ActivityScenario: Activity lifecycle changed event received but ignored because the intent does not match. startActivityIntent=Intent { act=android.intent.action.MAIN cat=[android.intent.category.LAUNCHER] cmp=com.example.lunchtray/.MainActivity }, activity.getIntent()=Intent { act=android.intent.action.MAIN cat=[android.intent.category.LAUNCHER] flg=0x10008000 cmp=com.example.lunchtray/androidx.test.core.app.InstrumentationActivityInvoker$BootstrapActivity (has extras) }, activity=androidx.test.core.app.InstrumentationActivityInvoker$BootstrapActivity@dd12e62
12-22 20:20:57.785  8963  8963 D LifecycleMonitor: Lifecycle status change: androidx.test.core.app.InstrumentationActivityInvoker$BootstrapActivity@dd12e62 in: STARTED
12-22 20:20:57.786  8963  8963 V ActivityScenario: Activity lifecycle changed event received but ignored because the intent does not match. startActivityIntent=Intent { act=android.intent.action.MAIN cat=[android.intent.category.LAUNCHER] cmp=com.example.lunchtray/.MainActivity }, activity.getIntent()=Intent { act=android.intent.action.MAIN cat=[android.intent.category.LAUNCHER] flg=0x10008000 cmp=com.example.lunchtray/androidx.test.core.app.InstrumentationActivityInvoker$BootstrapActivity (has extras) }, activity=androidx.test.core.app.InstrumentationActivityInvoker$BootstrapActivity@dd12e62
12-22 20:20:57.787  8963  8963 V ActivityScenario: Activity lifecycle changed event received but ignored because the intent does not match. startActivityIntent=Intent { act=android.intent.action.MAIN cat=[android.intent.category.LAUNCHER] cmp=com.example.lunchtray/.MainActivity }, activity.getIntent()=Intent { act=android.intent.action.MAIN cat=[android.intent.category.LAUNCHER] flg=0x10008000 cmp=com.example.lunchtray/androidx.test.core.app.InstrumentationActivityInvoker$BootstrapActivity (has extras) }, activity=androidx.test.core.app.InstrumentationActivityInvoker$BootstrapActivity@dd12e62
12-22 20:20:57.789  8963  8963 V ActivityScenario: Activity lifecycle changed event received but ignored because the intent does not match. startActivityIntent=Intent { act=android.intent.action.MAIN cat=[android.intent.category.LAUNCHER] cmp=com.example.lunchtray/androidx.fragment.app.testing.FragmentScenario$EmptyFragmentActivity (has extras) }, activity.getIntent()=Intent { act=android.intent.action.MAIN cat=[android.intent.category.LAUNCHER] flg=0x10008000 cmp=com.example.lunchtray/androidx.test.core.app.InstrumentationActivityInvoker$BootstrapActivity (has extras) }, activity=androidx.test.core.app.InstrumentationActivityInvoker$BootstrapActivity@dd12e62
12-22 20:20:57.790  8963  8963 V ActivityScenario: Activity lifecycle changed event received but ignored because the intent does not match. startActivityIntent=Intent { act=android.intent.action.MAIN cat=[android.intent.category.LAUNCHER] cmp=com.example.lunchtray/.MainActivity }, activity.getIntent()=Intent { act=android.intent.action.MAIN cat=[android.intent.category.LAUNCHER] flg=0x10008000 cmp=com.example.lunchtray/androidx.test.core.app.InstrumentationActivityInvoker$BootstrapActivity (has extras) }, activity=androidx.test.core.app.InstrumentationActivityInvoker$BootstrapActivity@dd12e62
12-22 20:20:57.806  8963  8963 D LifecycleMonitor: Lifecycle status change: androidx.test.core.app.InstrumentationActivityInvoker$BootstrapActivity@dd12e62 in: RESUMED
12-22 20:20:57.809  8963  8963 V ActivityScenario: Activity lifecycle changed event received but ignored because the intent does not match. startActivityIntent=Intent { act=android.intent.action.MAIN cat=[android.intent.category.LAUNCHER] cmp=com.example.lunchtray/.MainActivity }, activity.getIntent()=Intent { act=android.intent.action.MAIN cat=[android.intent.category.LAUNCHER] flg=0x10008000 cmp=com.example.lunchtray/androidx.test.core.app.InstrumentationActivityInvoker$BootstrapActivity (has extras) }, activity=androidx.test.core.app.InstrumentationActivityInvoker$BootstrapActivity@dd12e62
12-22 20:20:57.810  8963  8963 V ActivityScenario: Activity lifecycle changed event received but ignored because the intent does not match. startActivityIntent=Intent { act=android.intent.action.MAIN cat=[android.intent.category.LAUNCHER] cmp=com.example.lunchtray/.MainActivity }, activity.getIntent()=Intent { act=android.intent.action.MAIN cat=[android.intent.category.LAUNCHER] flg=0x10008000 cmp=com.example.lunchtray/androidx.test.core.app.InstrumentationActivityInvoker$BootstrapActivity (has extras) }, activity=androidx.test.core.app.InstrumentationActivityInvoker$BootstrapActivity@dd12e62
12-22 20:20:57.813  8963  8963 V ActivityScenario: Activity lifecycle changed event received but ignored because the intent does not match. startActivityIntent=Intent { act=android.intent.action.MAIN cat=[android.intent.category.LAUNCHER] cmp=com.example.lunchtray/androidx.fragment.app.testing.FragmentScenario$EmptyFragmentActivity (has extras) }, activity.getIntent()=Intent { act=android.intent.action.MAIN cat=[android.intent.category.LAUNCHER] flg=0x10008000 cmp=com.example.lunchtray/androidx.test.core.app.InstrumentationActivityInvoker$BootstrapActivity (has extras) }, activity=androidx.test.core.app.InstrumentationActivityInvoker$BootstrapActivity@dd12e62
12-22 20:20:57.814  8963  8963 V ActivityScenario: Activity lifecycle changed event received but ignored because the intent does not match. startActivityIntent=Intent { act=android.intent.action.MAIN cat=[android.intent.category.LAUNCHER] cmp=com.example.lunchtray/.MainActivity }, activity.getIntent()=Intent { act=android.intent.action.MAIN cat=[android.intent.category.LAUNCHER] flg=0x10008000 cmp=com.example.lunchtray/androidx.test.core.app.InstrumentationActivityInvoker$BootstrapActivity (has extras) }, activity=androidx.test.core.app.InstrumentationActivityInvoker$BootstrapActivity@dd12e62
12-22 20:20:57.819  2393  2393 I GsaVoiceInteractionSrv: Handling ACTION_STOP_HOTWORD
12-22 20:20:57.826  2393  3157 E HwDetectorWithState: a: 3
12-22 20:20:57.833  8963  8963 D LifecycleMonitor: Lifecycle status change: androidx.test.core.app.InstrumentationActivityInvoker$BootstrapActivity@dd12e62 in: PAUSED
12-22 20:20:57.833  8963  8963 V ActivityScenario: Activity lifecycle changed event received but ignored because the intent does not match. startActivityIntent=Intent { act=android.intent.action.MAIN cat=[android.intent.category.LAUNCHER] cmp=com.example.lunchtray/.MainActivity }, activity.getIntent()=Intent { act=android.intent.action.MAIN cat=[android.intent.category.LAUNCHER] flg=0x10008000 cmp=com.example.lunchtray/androidx.test.core.app.InstrumentationActivityInvoker$BootstrapActivity (has extras) }, activity=androidx.test.core.app.InstrumentationActivityInvoker$BootstrapActivity@dd12e62
12-22 20:20:57.834  8963  8963 V ActivityScenario: Activity lifecycle changed event received but ignored because the intent does not match. startActivityIntent=Intent { act=android.intent.action.MAIN cat=[android.intent.category.LAUNCHER] cmp=com.example.lunchtray/.MainActivity }, activity.getIntent()=Intent { act=android.intent.action.MAIN cat=[android.intent.category.LAUNCHER] flg=0x10008000 cmp=com.example.lunchtray/androidx.test.core.app.InstrumentationActivityInvoker$BootstrapActivity (has extras) }, activity=androidx.test.core.app.InstrumentationActivityInvoker$BootstrapActivity@dd12e62
12-22 20:20:57.834  8963  8963 V ActivityScenario: Activity lifecycle changed event received but ignored because the intent does not match. startActivityIntent=Intent { act=android.intent.action.MAIN cat=[android.intent.category.LAUNCHER] cmp=com.example.lunchtray/androidx.fragment.app.testing.FragmentScenario$EmptyFragmentActivity (has extras) }, activity.getIntent()=Intent { act=android.intent.action.MAIN cat=[android.intent.category.LAUNCHER] flg=0x10008000 cmp=com.example.lunchtray/androidx.test.core.app.InstrumentationActivityInvoker$BootstrapActivity (has extras) }, activity=androidx.test.core.app.InstrumentationActivityInvoker$BootstrapActivity@dd12e62
12-22 20:20:57.835  8963  8963 V ActivityScenario: Activity lifecycle changed event received but ignored because the intent does not match. startActivityIntent=Intent { act=android.intent.action.MAIN cat=[android.intent.category.LAUNCHER] cmp=com.example.lunchtray/.MainActivity }, activity.getIntent()=Intent { act=android.intent.action.MAIN cat=[android.intent.category.LAUNCHER] flg=0x10008000 cmp=com.example.lunchtray/androidx.test.core.app.InstrumentationActivityInvoker$BootstrapActivity (has extras) }, activity=androidx.test.core.app.InstrumentationActivityInvoker$BootstrapActivity@dd12e62
12-22 20:20:57.870  1001  1096 E OpenGLRenderer: Unable to match the desired swap behavior.
12-22 20:20:57.871  8963  8963 D LifecycleMonitor: Lifecycle status change: com.example.lunchtray.MainActivity@e03f674 in: PRE_ON_CREATE
12-22 20:20:57.872  8963  8963 V ActivityScenario: Activity lifecycle changed event received but ignored because the reported transition was not ON_CREATE while the last known transition was DESTROYED
12-22 20:20:57.873  8963  8963 V ActivityScenario: Activity lifecycle changed event received but ignored because the reported transition was not ON_CREATE while the last known transition was DESTROYED
12-22 20:20:57.875  8963  8963 V ActivityScenario: Activity lifecycle changed event received but ignored because the intent does not match. startActivityIntent=Intent { act=android.intent.action.MAIN cat=[android.intent.category.LAUNCHER] cmp=com.example.lunchtray/androidx.fragment.app.testing.FragmentScenario$EmptyFragmentActivity (has extras) }, activity.getIntent()=Intent { act=android.intent.action.MAIN cat=[android.intent.category.LAUNCHER] cmp=com.example.lunchtray/.MainActivity }, activity=com.example.lunchtray.MainActivity@e03f674
12-22 20:20:57.876  8963  8963 V ActivityScenario: Activity lifecycle changed event received but ignored because the reported transition was not ON_CREATE while the last known transition was PRE_ON_CREATE
12-22 20:20:57.921  8963  8963 D LifecycleMonitor: Lifecycle status change: com.example.lunchtray.MainActivity@e03f674 in: CREATED
12-22 20:20:57.921  8963  8963 V ActivityScenario: Update currentActivityStage to CREATED, currentActivity=com.example.lunchtray.MainActivity@e03f674
12-22 20:20:57.923  8963  8963 V ActivityScenario: Update currentActivityStage to CREATED, currentActivity=com.example.lunchtray.MainActivity@e03f674
12-22 20:20:57.924  8963  8963 V ActivityScenario: Activity lifecycle changed event received but ignored because the intent does not match. startActivityIntent=Intent { act=android.intent.action.MAIN cat=[android.intent.category.LAUNCHER] cmp=com.example.lunchtray/androidx.fragment.app.testing.FragmentScenario$EmptyFragmentActivity (has extras) }, activity.getIntent()=Intent { act=android.intent.action.MAIN cat=[android.intent.category.LAUNCHER] cmp=com.example.lunchtray/.MainActivity }, activity=com.example.lunchtray.MainActivity@e03f674
12-22 20:20:57.925  8963  8963 V ActivityScenario: Update currentActivityStage to CREATED, currentActivity=com.example.lunchtray.MainActivity@e03f674
12-22 20:20:57.941  8963  8963 D LifecycleMonitor: Lifecycle status change: com.example.lunchtray.MainActivity@e03f674 in: STARTED
12-22 20:20:57.941  8963  8963 V ActivityScenario: Update currentActivityStage to STARTED, currentActivity=com.example.lunchtray.MainActivity@e03f674
12-22 20:20:57.941  8963  8963 V ActivityScenario: Update currentActivityStage to STARTED, currentActivity=com.example.lunchtray.MainActivity@e03f674
12-22 20:20:57.944  8963  8963 V ActivityScenario: Activity lifecycle changed event received but ignored because the intent does not match. startActivityIntent=Intent { act=android.intent.action.MAIN cat=[android.intent.category.LAUNCHER] cmp=com.example.lunchtray/androidx.fragment.app.testing.FragmentScenario$EmptyFragmentActivity (has extras) }, activity.getIntent()=Intent { act=android.intent.action.MAIN cat=[android.intent.category.LAUNCHER] cmp=com.example.lunchtray/.MainActivity }, activity=com.example.lunchtray.MainActivity@e03f674
12-22 20:20:57.944  8963  8963 V ActivityScenario: Update currentActivityStage to STARTED, currentActivity=com.example.lunchtray.MainActivity@e03f674
12-22 20:20:57.948  8963  8963 D LifecycleMonitor: Lifecycle status change: com.example.lunchtray.MainActivity@e03f674 in: RESUMED
12-22 20:20:57.949  8963  8963 V ActivityScenario: Update currentActivityStage to RESUMED, currentActivity=com.example.lunchtray.MainActivity@e03f674
12-22 20:20:57.951  8963  8963 V ActivityScenario: Update currentActivityStage to RESUMED, currentActivity=com.example.lunchtray.MainActivity@e03f674
12-22 20:20:57.953  8963  8963 V ActivityScenario: Activity lifecycle changed event received but ignored because the intent does not match. startActivityIntent=Intent { act=android.intent.action.MAIN cat=[android.intent.category.LAUNCHER] cmp=com.example.lunchtray/androidx.fragment.app.testing.FragmentScenario$EmptyFragmentActivity (has extras) }, activity.getIntent()=Intent { act=android.intent.action.MAIN cat=[android.intent.category.LAUNCHER] cmp=com.example.lunchtray/.MainActivity }, activity=com.example.lunchtray.MainActivity@e03f674
12-22 20:20:57.954  8963  8963 V ActivityScenario: Update currentActivityStage to RESUMED, currentActivity=com.example.lunchtray.MainActivity@e03f674
12-22 20:20:58.002  1001  1096 D EGL_emulation: app_time_stats: avg=142.72ms min=2.26ms max=1432.29ms count=13
12-22 20:20:58.015  8963  8990 E OpenGLRenderer: Unable to match the desired swap behavior.
12-22 20:20:58.050   573   609 W ziparchive: Unable to open '/data/app/~~ltOsS7u6jcohaR34dQNvgA==/com.example.lunchtray-r6348IOCpoTtk9n5aZXxxw==/base.dm': No such file or directory
12-22 20:20:58.052   573   609 I ActivityTaskManager: Displayed com.example.lunchtray/.MainActivity for user 0: +362ms
12-22 20:20:58.060  8963  8963 D RootViewPicker: Root not ready - waiting: 10ms for one to appear.
12-22 20:20:58.135  1001  1096 E OpenGLRenderer: Unable to match the desired swap behavior.
12-22 20:20:58.154   573  2199 I ImeTracker: com.example.lunchtray:ed7a2893: onRequestHide at ORIGIN_SERVER_HIDE_INPUT reason HIDE_UNSPECIFIED_WINDOW
12-22 20:20:58.156   573  2199 I ImeTracker: com.example.lunchtray:ed7a2893: onCancelled at PHASE_SERVER_SHOULD_HIDE
12-22 20:20:58.164  1691  1691 I GoogleInputMethodService: GoogleInputMethodService.onFinishInput():3227
12-22 20:20:58.166  1691  1691 I GoogleInputMethodService: GoogleInputMethodService.updateDeviceLockedStatus():2087 repeatCheckTimes = 0, unlocked = true
12-22 20:20:58.167  1691  1691 I GoogleInputMethodService: GoogleInputMethodService.onStartInput():1877 onStartInput(EditorInfo{inputType=0x0(NULL) imeOptions=0x0 privateImeOptions=null actionName=UNSPECIFIED actionLabel=null actionId=0 initialSelStart=-1 initialSelEnd=-1 initialCapsMode=0x0 hintText=null label=null packageName=com.example.lunchtray fieldId=0 fieldName=null extras=null}, false)
12-22 20:20:58.168  1691  1691 I GoogleInputMethodService: GoogleInputMethodService.shouldHideHeaderOnInitialState():4008 ShouldHideHeaderOnInitialState = false
12-22 20:20:58.169  1691  1691 I GoogleInputMethodService: GoogleInputMethodService.updateDeviceLockedStatus():2087 repeatCheckTimes = 2, unlocked = true
12-22 20:20:58.290  1001  1096 D EGL_emulation: app_time_stats: avg=18.85ms min=1.56ms max=118.62ms count=27
12-22 20:20:58.320  8963  8963 I ViewInteraction: Performing 'single click' action on view view.getId() is <2131231209/com.example.lunchtray:id/start_order_btn>
12-22 20:20:58.330  8963  8963 D AutofillManager: Fill dialog is enabled:false, hints=[password, passwordAuto, creditCardNumber, creditCardSecurityCode, creditCardExpirationDate]
12-22 20:20:58.338  1304  1362 I ImeTracker: com.google.android.apps.nexuslauncher:8bc9f016: onRequestHide at ORIGIN_CLIENT_HIDE_SOFT_INPUT reason HIDE_SOFT_INPUT
12-22 20:20:58.338  1304  1362 I ImeTracker: com.google.android.apps.nexuslauncher:8bc9f016: onFailed at PHASE_CLIENT_VIEW_SERVED
12-22 20:20:58.341  8963  8963 D LifecycleMonitor: Lifecycle status change: androidx.test.core.app.InstrumentationActivityInvoker$BootstrapActivity@dd12e62 in: STOPPED
12-22 20:20:58.342  8963  8963 V ActivityScenario: Activity lifecycle changed event received but ignored because the intent does not match. startActivityIntent=Intent { act=android.intent.action.MAIN cat=[android.intent.category.LAUNCHER] cmp=com.example.lunchtray/.MainActivity }, activity.getIntent()=Intent { act=android.intent.action.MAIN cat=[android.intent.category.LAUNCHER] flg=0x10008000 cmp=com.example.lunchtray/androidx.test.core.app.InstrumentationActivityInvoker$BootstrapActivity (has extras) }, activity=androidx.test.core.app.InstrumentationActivityInvoker$BootstrapActivity@dd12e62
12-22 20:20:58.346  1304  6829 D OneSearchSuggestProvider: Shut down the binder channel
12-22 20:20:58.348  1304  9085 I IPCThreadState: oneway function results for code 2 on binder at 0x746072b094a0 will be dropped but finished with status UNKNOWN_TRANSACTION
12-22 20:20:58.349  1304  1304 D TaplEvents: TIS / TouchInteractionService.onInputEvent: MotionEvent { action=ACTION_DOWN, actionButton=0, id[0]=0, x[0]=540.0, y[0]=1197.5, toolType[0]=TOOL_TYPE_UNKNOWN, buttonState=BUTTON_PRIMARY, classification=NONE, metaState=0, flags=0x0, edgeFlags=0x0, pointerCount=1, historySize=0, eventTime=6681321, downTime=6681321, deviceId=-1, source=0x1002, displayId=0, eventId=-358652345 }
12-22 20:20:58.351  8963  8963 V ActivityScenario: Activity lifecycle changed event received but ignored because the intent does not match. startActivityIntent=Intent { act=android.intent.action.MAIN cat=[android.intent.category.LAUNCHER] cmp=com.example.lunchtray/.MainActivity }, activity.getIntent()=Intent { act=android.intent.action.MAIN cat=[android.intent.category.LAUNCHER] flg=0x10008000 cmp=com.example.lunchtray/androidx.test.core.app.InstrumentationActivityInvoker$BootstrapActivity (has extras) }, activity=androidx.test.core.app.InstrumentationActivityInvoker$BootstrapActivity@dd12e62
12-22 20:20:58.352  8963  8963 V ActivityScenario: Activity lifecycle changed event received but ignored because the intent does not match. startActivityIntent=Intent { act=android.intent.action.MAIN cat=[android.intent.category.LAUNCHER] cmp=com.example.lunchtray/androidx.fragment.app.testing.FragmentScenario$EmptyFragmentActivity (has extras) }, activity.getIntent()=Intent { act=android.intent.action.MAIN cat=[android.intent.category.LAUNCHER] flg=0x10008000 cmp=com.example.lunchtray/androidx.test.core.app.InstrumentationActivityInvoker$BootstrapActivity (has extras) }, activity=androidx.test.core.app.InstrumentationActivityInvoker$BootstrapActivity@dd12e62
12-22 20:20:58.353  8963  8963 V ActivityScenario: Activity lifecycle changed event received but ignored because the intent does not match. startActivityIntent=Intent { act=android.intent.action.MAIN cat=[android.intent.category.LAUNCHER] cmp=com.example.lunchtray/.MainActivity }, activity.getIntent()=Intent { act=android.intent.action.MAIN cat=[android.intent.category.LAUNCHER] flg=0x10008000 cmp=com.example.lunchtray/androidx.test.core.app.InstrumentationActivityInvoker$BootstrapActivity (has extras) }, activity=androidx.test.core.app.InstrumentationActivityInvoker$BootstrapActivity@dd12e62
12-22 20:20:58.427  1001  1070 W WindowOnBackDispatcher: sendCancelIfRunning: isInProgress=falsecallback=android.view.ViewRootImpl$$ExternalSyntheticLambda17@48fa784
12-22 20:20:58.429   573  2169 W InputManager-JNI: Input channel object 'c5d0297 Splash Screen com.example.lunchtray (client)' was disposed without first being removed with the input manager!
12-22 20:20:58.475  1304  1304 D TaplEvents: TIS / TouchInteractionService.onInputEvent: MotionEvent { action=ACTION_UP, actionButton=0, id[0]=0, x[0]=540.0, y[0]=1197.5, toolType[0]=TOOL_TYPE_FINGER, buttonState=BUTTON_PRIMARY, classification=NONE, metaState=0, flags=0x0, edgeFlags=0x0, pointerCount=1, historySize=0, eventTime=6681473, downTime=6681321, deviceId=-1, source=0x1002, displayId=0, eventId=-97853844 }
12-22 20:20:58.477  1001  1070 W FrameTracker: Missed App frame:UNKNOWN: 24, 62261, 0, CUJ=J<SPLASHSCREEN_EXIT_ANIM>
12-22 20:20:58.477  1001  1070 W FrameTracker: Missed SF frame:UNKNOWN: 24, 62261, 0, CUJ=J<SPLASHSCREEN_EXIT_ANIM>
12-22 20:20:58.477  1001  1070 W FrameTracker: Missing HWUI jank callback for vsyncId: 62261, CUJ=J<SPLASHSCREEN_EXIT_ANIM>
12-22 20:20:58.477  1001  1070 W FrameTracker: Missed SF frame:UNKNOWN: 80, 62312, 0, CUJ=J<SPLASHSCREEN_EXIT_ANIM>
12-22 20:20:58.480  1001  1070 W FrameTracker: Missing HWUI jank callback for vsyncId: 62312, CUJ=J<SPLASHSCREEN_EXIT_ANIM>
12-22 20:20:58.481  1001  1070 W FrameTracker: Missed SF frame:UNKNOWN: 80, 62385, 0, CUJ=J<SPLASHSCREEN_EXIT_ANIM>
12-22 20:20:58.481  1001  1070 W FrameTracker: Missing HWUI jank callback for vsyncId: 62385, CUJ=J<SPLASHSCREEN_EXIT_ANIM>
12-22 20:20:58.483  1001  1070 W FrameTracker: Missed SF frame:UNKNOWN: 80, 62429, 73516714, CUJ=J<SPLASHSCREEN_EXIT_ANIM>
12-22 20:20:58.484  1001  1070 W FrameTracker: Missed SF frame:UNKNOWN: 80, 62458, 93268748, CUJ=J<SPLASHSCREEN_EXIT_ANIM>
12-22 20:20:58.485  1001  1070 W FrameTracker: Missed SF frame:UNKNOWN: 80, 62531, 73959350, CUJ=J<SPLASHSCREEN_EXIT_ANIM>
12-22 20:20:58.485  1001  1070 W FrameTracker: Missed App frame:UNKNOWN: 88, 62561, 0, CUJ=J<SPLASHSCREEN_EXIT_ANIM>
12-22 20:20:58.486  1001  1070 W FrameTracker: Missed SF frame:UNKNOWN: 88, 62561, 0, CUJ=J<SPLASHSCREEN_EXIT_ANIM>
12-22 20:20:58.488  1001  1070 W FrameTracker: Missing HWUI jank callback for vsyncId: 62561, CUJ=J<SPLASHSCREEN_EXIT_ANIM>
12-22 20:20:58.488   420   683 D audioserver: FGS Logger Transaction failed
12-22 20:20:58.488   420   683 D audioserver: -129
12-22 20:20:58.489  1001  1070 W FrameTracker: Missing SF jank callback for vsyncId: 62591, CUJ=J<SPLASHSCREEN_EXIT_ANIM>
12-22 20:20:58.585  8963  8963 D AutofillManager: notifyViewEnteredForFillDialog:1073741825
12-22 20:20:58.586  8963  8963 D AutofillManager: notifyViewEnteredForFillDialog:1073741826
12-22 20:20:58.587  8963  8963 D AutofillManager: notifyViewEnteredForFillDialog:1073741827
12-22 20:20:58.588  8963  8963 D AutofillManager: notifyViewEnteredForFillDialog:1073741828
12-22 20:20:58.590  8963  8963 D AutofillManager: notifyViewEnteredForFillDialog:1073741824
12-22 20:20:58.655   420   508 D audioserver: FGS Logger Transaction failed
12-22 20:20:58.655   420   508 D audioserver: -129
12-22 20:20:58.976  8963  8963 I ViewInteraction: Performing 'single click' action on view view.getId() is <2131230844/com.example.lunchtray:id/cauliflower>
12-22 20:20:58.980  1304  1304 D TaplEvents: TIS / TouchInteractionService.onInputEvent: MotionEvent { action=ACTION_DOWN, actionButton=0, id[0]=0, x[0]=206.0, y[0]=285.5, toolType[0]=TOOL_TYPE_UNKNOWN, buttonState=BUTTON_PRIMARY, classification=NONE, metaState=0, flags=0x0, edgeFlags=0x0, pointerCount=1, historySize=0, eventTime=6681977, downTime=6681977, deviceId=-1, source=0x1002, displayId=0, eventId=-828605356 }
12-22 20:20:59.021  1304  1304 D TaplEvents: TIS / TouchInteractionService.onInputEvent: MotionEvent { action=ACTION_UP, actionButton=0, id[0]=0, x[0]=206.0, y[0]=285.5, toolType[0]=TOOL_TYPE_FINGER, buttonState=BUTTON_PRIMARY, classification=NONE, metaState=0, flags=0x0, edgeFlags=0x0, pointerCount=1, historySize=0, eventTime=6682019, downTime=6681977, deviceId=-1, source=0x1002, displayId=0, eventId=-517551026 }
12-22 20:20:59.037   420   683 D audioserver: FGS Logger Transaction failed
12-22 20:20:59.037   420   683 D audioserver: -129
12-22 20:20:59.042  8963  8963 D AutofillManager: notifyViewEnteredForFillDialog:1073741825
12-22 20:20:59.063   420   508 D AudioFlinger: mixer(0x775a69abf930) throttle end: throttle time(36)
12-22 20:20:59.068  8963  8990 D EGL_emulation: app_time_stats: avg=16.53ms min=2.38ms max=251.35ms count=26
12-22 20:20:59.266   420   508 D audioserver: FGS Logger Transaction failed
12-22 20:20:59.266   420   508 D audioserver: -129
12-22 20:20:59.298  1001  1096 D EGL_emulation: app_time_stats: avg=7.98ms min=1.53ms max=66.50ms count=31
12-22 20:20:59.535  8963  8963 I ViewInteraction: Performing 'single click' action on view view.getId() is <2131231081/com.example.lunchtray:id/next_button>
12-22 20:20:59.539  1304  1304 D TaplEvents: TIS / TouchInteractionService.onInputEvent: MotionEvent { action=ACTION_DOWN, actionButton=0, id[0]=0, x[0]=798.5, y[0]=1718.5, toolType[0]=TOOL_TYPE_UNKNOWN, buttonState=BUTTON_PRIMARY, classification=NONE, metaState=0, flags=0x0, edgeFlags=0x0, pointerCount=1, historySize=0, eventTime=6682537, downTime=6682537, deviceId=-1, source=0x1002, displayId=0, eventId=-970324727 }
12-22 20:20:59.603  1304  1304 D TaplEvents: TIS / TouchInteractionService.onInputEvent: MotionEvent { action=ACTION_UP, actionButton=0, id[0]=0, x[0]=798.5, y[0]=1718.5, toolType[0]=TOOL_TYPE_FINGER, buttonState=BUTTON_PRIMARY, classification=NONE, metaState=0, flags=0x0, edgeFlags=0x0, pointerCount=1, historySize=0, eventTime=6682600, downTime=6682537, deviceId=-1, source=0x1002, displayId=0, eventId=-586961408 }
12-22 20:20:59.636   420   683 D audioserver: FGS Logger Transaction failed
12-22 20:20:59.636   420   683 D audioserver: -129
12-22 20:20:59.759  8963  8963 D AutofillManager: notifyViewEnteredForFillDialog:1073741830
12-22 20:20:59.761  8963  8963 D AutofillManager: notifyViewEnteredForFillDialog:1073741831
12-22 20:20:59.762  8963  8963 D AutofillManager: notifyViewEnteredForFillDialog:1073741832
12-22 20:20:59.764  8963  8963 D AutofillManager: notifyViewEnteredForFillDialog:1073741833
12-22 20:20:59.765  8963  8963 D AutofillManager: notifyViewEnteredForFillDialog:1073741829
12-22 20:20:59.854   420   508 D audioserver: FGS Logger Transaction failed
12-22 20:20:59.854   420   508 D audioserver: -129
12-22 20:21:00.009  1864  2211 I AiAiEcho: Predicting[0]:
12-22 20:21:00.009  1864  2211 I AiAiEcho: EchoTargets:
12-22 20:21:00.009  1864  2211 I AiAiEcho: Filtered by AiAi flag check:
12-22 20:21:00.009  1864  2211 I AiAiEcho: Ranked targets strategy: SORT, count: 0, ranking metadata:
12-22 20:21:00.013  1864  2211 I AiAiEcho: #postPredictionTargets: Sending updates to UISurface lockscreen with targets# 0 (types=[])
12-22 20:21:00.024  1001  1096 D EGL_emulation: app_time_stats: avg=216.99ms min=3.21ms max=1700.31ms count=9
12-22 20:21:00.035  1001  1001 W PageIndicator: Total number of pages invalid: 0. Assuming 1 page.
12-22 20:21:00.169  8963  8963 I ViewInteraction: Performing 'single click' action on view view.getId() is <2131231187/com.example.lunchtray:id/soup>
12-22 20:21:00.172  1304  1304 D TaplEvents: TIS / TouchInteractionService.onInputEvent: MotionEvent { action=ACTION_DOWN, actionButton=0, id[0]=0, x[0]=325.5, y[0]=616.5, toolType[0]=TOOL_TYPE_UNKNOWN, buttonState=BUTTON_PRIMARY, classification=NONE, metaState=0, flags=0x0, edgeFlags=0x0, pointerCount=1, historySize=0, eventTime=6683169, downTime=6683169, deviceId=-1, source=0x1002, displayId=0, eventId=-394358881 }
12-22 20:21:00.211  1304  1304 D TaplEvents: TIS / TouchInteractionService.onInputEvent: MotionEvent { action=ACTION_UP, actionButton=0, id[0]=0, x[0]=325.5, y[0]=616.5, toolType[0]=TOOL_TYPE_FINGER, buttonState=BUTTON_PRIMARY, classification=NONE, metaState=0, flags=0x0, edgeFlags=0x0, pointerCount=1, historySize=0, eventTime=6683209, downTime=6683169, deviceId=-1, source=0x1002, displayId=0, eventId=-866375468 }
12-22 20:21:00.233  8963  8990 D EGL_emulation: app_time_stats: avg=12.94ms min=2.07ms max=267.03ms count=29
12-22 20:21:00.238   420   683 D audioserver: FGS Logger Transaction failed
12-22 20:21:00.238   420   683 D audioserver: -129
12-22 20:21:00.242  8963  8963 D AutofillManager: notifyViewEnteredForFillDialog:1073741831
12-22 20:21:00.466   420   508 D audioserver: FGS Logger Transaction failed
12-22 20:21:00.466   420   508 D audioserver: -129
12-22 20:21:00.654  8963  8963 I ViewInteraction: Performing 'single click' action on view view.getId() is <2131230842/com.example.lunchtray:id/cancel_button>
12-22 20:21:00.657  1304  1304 D TaplEvents: TIS / TouchInteractionService.onInputEvent: MotionEvent { action=ACTION_DOWN, actionButton=0, id[0]=0, x[0]=280.5, y[0]=1672.5, toolType[0]=TOOL_TYPE_UNKNOWN, buttonState=BUTTON_PRIMARY, classification=NONE, metaState=0, flags=0x0, edgeFlags=0x0, pointerCount=1, historySize=0, eventTime=6683655, downTime=6683655, deviceId=-1, source=0x1002, displayId=0, eventId=-892103821 }
12-22 20:21:00.727  1304  1304 D TaplEvents: TIS / TouchInteractionService.onInputEvent: MotionEvent { action=ACTION_UP, actionButton=0, id[0]=0, x[0]=280.5, y[0]=1672.5, toolType[0]=TOOL_TYPE_FINGER, buttonState=BUTTON_PRIMARY, classification=NONE, metaState=0, flags=0x0, edgeFlags=0x0, pointerCount=1, historySize=0, eventTime=6683723, downTime=6683655, deviceId=-1, source=0x1002, displayId=0, eventId=-907828259 }
12-22 20:21:00.753   420   683 D audioserver: FGS Logger Transaction failed
12-22 20:21:00.754   420   683 D audioserver: -129
12-22 20:21:00.989   420   508 D audioserver: FGS Logger Transaction failed
12-22 20:21:00.990   420   508 D audioserver: -129
12-22 20:21:01.089  8963  8963 I ViewInteraction: Performing 'single click' action on view view.getId() is <2131231209/com.example.lunchtray:id/start_order_btn>
12-22 20:21:01.092  1304  1304 D TaplEvents: TIS / TouchInteractionService.onInputEvent: MotionEvent { action=ACTION_DOWN, actionButton=0, id[0]=0, x[0]=540.0, y[0]=1197.5, toolType[0]=TOOL_TYPE_UNKNOWN, buttonState=BUTTON_PRIMARY, classification=NONE, metaState=0, flags=0x0, edgeFlags=0x0, pointerCount=1, historySize=0, eventTime=6684090, downTime=6684090, deviceId=-1, source=0x1002, displayId=0, eventId=-95167346 }
12-22 20:21:01.137  1304  1304 D TaplEvents: TIS / TouchInteractionService.onInputEvent: MotionEvent { action=ACTION_UP, actionButton=0, id[0]=0, x[0]=540.0, y[0]=1197.5, toolType[0]=TOOL_TYPE_FINGER, buttonState=BUTTON_PRIMARY, classification=NONE, metaState=0, flags=0x0, edgeFlags=0x0, pointerCount=1, historySize=0, eventTime=6684135, downTime=6684090, deviceId=-1, source=0x1002, displayId=0, eventId=-686424274 }
12-22 20:21:01.142   420   683 D audioserver: FGS Logger Transaction failed
12-22 20:21:01.142   420   683 D audioserver: -129
12-22 20:21:01.254  8963  8990 D EGL_emulation: app_time_stats: avg=11.19ms min=1.63ms max=169.78ms count=31
12-22 20:21:01.257  8963  8963 D AutofillManager: notifyViewEnteredForFillDialog:1073741835
12-22 20:21:01.259  8963  8963 D AutofillManager: notifyViewEnteredForFillDialog:1073741836
12-22 20:21:01.260  8963  8963 D AutofillManager: notifyViewEnteredForFillDialog:1073741837
12-22 20:21:01.263  8963  8963 D AutofillManager: notifyViewEnteredForFillDialog:1073741838
12-22 20:21:01.264  8963  8963 D AutofillManager: notifyViewEnteredForFillDialog:1073741834
12-22 20:21:01.373   420   508 D audioserver: FGS Logger Transaction failed
12-22 20:21:01.373   420   508 D audioserver: -129
12-22 20:21:01.624  8963  8963 I ViewInteraction: Checking 'MatchesViewAssertion{viewMatcher=(view has effective visibility <VISIBLE> and view.getGlobalVisibleRect() to return non-empty rectangle)}' assertion on view an instance of android.widget.TextView and view.getText() with or without transformation to match: is "Subtotal: $0.00"
12-22 20:21:01.625  8963  8988 I TestRunner: finished: order_reset_after_cancel_from_side_menu(com.example.lunchtray.OrderFunctionalityTests)
