12-22 20:20:50.336  8963  8988 I TestRunner: started: subtotal_tax_total_in_checkout(com.example.lunchtray.OrderFunctionalityTests)
12-22 20:20:50.358  8963  8963 D LifecycleMonitor: Lifecycle status change: com.example.lunchtray.MainActivity@65e7f1f in: DESTROYED
12-22 20:20:50.358  8963  8963 V ActivityScenario: Update currentActivityStage to DESTROYED, currentActivity=null
12-22 20:20:50.359  8963  8963 V ActivityScenario: Update currentActivityStage to DESTROYED, currentActivity=null
12-22 20:20:50.360  8963  8963 W WindowOnBackDispatcher: sendCancelIfRunning: isInProgress=falsecallback=android.view.ViewRootImpl$$ExternalSyntheticLambda17@579f2de
12-22 20:20:50.366   573  2169 W InputManager-JNI: Input channel object '2ca2aa com.example.lunchtray/com.example.lunchtray.MainActivity (client)' was disposed without first being removed with the input manager!
12-22 20:20:50.391  8963  8988 W Settings: Setting always_finish_activities has moved from android.provider.Settings.System to android.provider.Settings.Global, returning read-only value.
12-22 20:20:50.409  1001  1071 D SplashScreenView: Build android.window.SplashScreenView{a94f65d V.E...... ......ID 0,0-0,0}
12-22 20:20:50.409  1001  1071 D SplashScreenView: Icon: view: null drawable: null size: 0
12-22 20:20:50.409  1001  1071 D SplashScreenView: Branding: view: android.view.View{d6b6bd2 G.ED..... ......I. 0,0-0,0 #10204ef android:id/splashscreen_branding_view} drawable: null size w: 0 h: 0
12-22 20:20:50.437  8963  8963 D LifecycleMonitor: Lifecycle status change: androidx.test.core.app.InstrumentationActivityInvoker$BootstrapActivity@120660d in: PRE_ON_CREATE
12-22 20:20:50.439  8963  8963 V ActivityScenario: Activity lifecycle changed event received but ignored because the intent does not match. startActivityIntent=Intent { act=android.intent.action.MAIN cat=[android.intent.category.LAUNCHER] cmp=com.example.lunchtray/.MainActivity }, activity.getIntent()=Intent { act=android.intent.action.MAIN cat=[android.intent.category.LAUNCHER] flg=0x10008000 cmp=com.example.lunchtray/androidx.test.core.app.InstrumentationActivityInvoker$BootstrapActivity (has extras) }, activity=androidx.test.core.app.InstrumentationActivityInvoker$BootstrapActivity@120660d
12-22 20:20:50.439  8963  8963 V ActivityScenario: Activity lifecycle changed event received but ignored because the intent does not match. startActivityIntent=Intent { act=android.intent.action.MAIN cat=[android.intent.category.LAUNCHER] cmp=com.example.lunchtray/.MainActivity }, activity.getIntent()=Intent { act=android.intent.action.MAIN cat=[android.intent.category.LAUNCHER] flg=0x10008000 cmp=com.example.lunchtray/androidx.test.core.app.InstrumentationActivityInvoker$BootstrapActivity (has extras) }, activity=androidx.test.core.app.InstrumentationActivityInvoker$BootstrapActivity@120660d
12-22 20:20:50.440  8963  8963 V ActivityScenario: Activity lifecycle changed event received but ignored because the intent does not match. startActivityIntent=Intent { act=android.intent.action.MAIN cat=[android.intent.category.LAUNCHER] cmp=com.example.lunchtray/.MainActivity }, activity.getIntent()=Intent { act=android.intent.action.MAIN cat=[android.intent.category.LAUNCHER] flg=0x10008000 cmp=com.example.lunchtray/androidx.test.core.app.InstrumentationActivityInvoker$BootstrapActivity (has extras) }, activity=androidx.test.core.app.InstrumentationActivityInvoker$BootstrapActivity@120660d
12-22 20:20:50.444   424   424 I BpBinder: onLastStrongRef automatically unlinking death recipients:
12-22 20:20:50.445  1001  1096 E OpenGLRenderer: Unable to match the desired swap behavior.
12-22 20:20:50.473  8963  8963 D LifecycleMonitor: Lifecycle status change: androidx.test.core.app.InstrumentationActivityInvoker$BootstrapActivity@120660d in: CREATED
12-22 20:20:50.473  8963  8963 V ActivityScenario: Activity lifecycle changed event received but ignored because the intent does not match. startActivityIntent=Intent { act=android.intent.action.MAIN cat=[android.intent.category.LAUNCHER] cmp=com.example.lunchtray/.MainActivity }, activity.getIntent()=Intent { act=android.intent.action.MAIN cat=[android.intent.category.LAUNCHER] flg=0x10008000 cmp=com.example.lunchtray/androidx.test.core.app.InstrumentationActivityInvoker$BootstrapActivity (has extras) }, activity=androidx.test.core.app.InstrumentationActivityInvoker$BootstrapActivity@120660d
12-22 20:20:50.474  8963  8963 V ActivityScenario: Activity lifecycle changed event received but ignored because the intent does not match. startActivityIntent=Intent { act=android.intent.action.MAIN cat=[android.intent.category.LAUNCHER] cmp=com.example.lunchtray/.MainActivity }, activity.getIntent()=Intent { act=android.intent.action.MAIN cat=[android.intent.category.LAUNCHER] flg=0x10008000 cmp=com.example.lunchtray/androidx.test.core.app.InstrumentationActivityInvoker$BootstrapActivity (has extras) }, activity=androidx.test.core.app.InstrumentationActivityInvoker$BootstrapActivity@120660d
12-22 20:20:50.475  8963  8963 V ActivityScenario: Activity lifecycle changed event received but ignored because the intent does not match. startActivityIntent=Intent { act=android.intent.action.MAIN cat=[android.intent.category.LAUNCHER] cmp=com.example.lunchtray/.MainActivity }, activity.getIntent()=Intent { act=android.intent.action.MAIN cat=[android.intent.category.LAUNCHER] flg=0x10008000 cmp=com.example.lunchtray/androidx.test.core.app.InstrumentationActivityInvoker$BootstrapActivity (has extras) }, activity=androidx.test.core.app.InstrumentationActivityInvoker$BootstrapActivity@120660d
12-22 20:20:50.478  8963  8963 D LifecycleMonitor: Lifecycle status change: androidx.test.core.app.InstrumentationActivityInvoker$BootstrapActivity@120660d in: STARTED
12-22 20:20:50.479  8963  8963 V ActivityScenario: Activity lifecycle changed event received but ignored because the intent does not match. startActivityIntent=Intent { act=android.intent.action.MAIN cat=[android.intent.category.LAUNCHER] cmp=com.example.lunchtray/.MainActivity }, activity.getIntent()=Intent { act=android.intent.action.MAIN cat=[android.intent.category.LAUNCHER] flg=0x10008000 cmp=com.example.lunchtray/androidx.test.core.app.InstrumentationActivityInvoker$BootstrapActivity (has extras) }, activity=androidx.test.core.app.InstrumentationActivityInvoker$BootstrapActivity@120660d
12-22 20:20:50.479  8963  8963 V ActivityScenario: Activity lifecycle changed event received but ignored because the intent does not match. startActivityIntent=Intent { act=android.intent.action.MAIN cat=[android.intent.category.LAUNCHER] cmp=com.example.lunchtray/.MainActivity }, activity.getIntent()=Intent { act=android.intent.action.MAIN cat=[android.intent.category.LAUNCHER] flg=0x10008000 cmp=com.example.lunchtray/androidx.test.core.app.InstrumentationActivityInvoker$BootstrapActivity (has extras) }, activity=androidx.test.core.app.InstrumentationActivityInvoker$BootstrapActivity@120660d
12-22 20:20:50.480  8963  8963 V ActivityScenario: Activity lifecycle changed event received but ignored because the intent does not match. startActivityIntent=Intent { act=android.intent.action.MAIN cat=[android.intent.category.LAUNCHER] cmp=com.example.lunchtray/.MainActivity }, activity.getIntent()=Intent { act=android.intent.action.MAIN cat=[android.intent.category.LAUNCHER] flg=0x10008000 cmp=com.example.lunchtray/androidx.test.core.app.InstrumentationActivityInvoker$BootstrapActivity (has extras) }, activity=androidx.test.core.app.InstrumentationActivityInvoker$BootstrapActivity@120660d
12-22 20:20:50.497  8963  8963 D LifecycleMonitor: Lifecycle status change: androidx.test.core.app.InstrumentationActivityInvoker$BootstrapActivity@120660d in: RESUMED
12-22 20:20:50.497  8963  8963 V ActivityScenario: Activity lifecycle changed event received but ignored because the intent does not match. startActivityIntent=Intent { act=android.intent.action.MAIN cat=[android.intent.category.LAUNCHER] cmp=com.example.lunchtray/.MainActivity }, activity.getIntent()=Intent { act=android.intent.action.MAIN cat=[android.intent.category.LAUNCHER] flg=0x10008000 cmp=com.example.lunchtray/androidx.test.core.app.InstrumentationActivityInvoker$BootstrapActivity (has extras) }, activity=androidx.test.core.app.InstrumentationActivityInvoker$BootstrapActivity@120660d
12-22 20:20:50.498  8963  8963 V ActivityScenario: Activity lifecycle changed event received but ignored because the intent does not match. startActivityIntent=Intent { act=android.intent.action.MAIN cat=[android.intent.category.LAUNCHER] cmp=com.example.lunchtray/.MainActivity }, activity.getIntent()=Intent { act=android.intent.action.MAIN cat=[android.intent.category.LAUNCHER] flg=0x10008000 cmp=com.example.lunchtray/androidx.test.core.app.InstrumentationActivityInvoker$BootstrapActivity (has extras) }, activity=androidx.test.core.app.InstrumentationActivityInvoker$BootstrapActivity@120660d
12-22 20:20:50.498  8963  8963 V ActivityScenario: Activity lifecycle changed event received but ignored because the intent does not match. startActivityIntent=Intent { act=android.intent.action.MAIN cat=[android.intent.category.LAUNCHER] cmp=com.example.lunchtray/.MainActivity }, activity.getIntent()=Intent { act=android.intent.action.MAIN cat=[android.intent.category.LAUNCHER] flg=0x10008000 cmp=com.example.lunchtray/androidx.test.core.app.InstrumentationActivityInvoker$BootstrapActivity (has extras) }, activity=androidx.test.core.app.InstrumentationActivityInvoker$BootstrapActivity@120660d
12-22 20:20:50.501  8963  8963 D LifecycleMonitor: Lifecycle status change: androidx.test.core.app.InstrumentationActivityInvoker$BootstrapActivity@120660d in: PAUSED
12-22 20:20:50.502  8963  8963 V ActivityScenario: Activity lifecycle changed event received but ignored because the intent does not match. startActivityIntent=Intent { act=android.intent.action.MAIN cat=[android.intent.category.LAUNCHER] cmp=com.example.lunchtray/.MainActivity }, activity.getIntent()=Intent { act=android.intent.action.MAIN cat=[android.intent.category.LAUNCHER] flg=0x10008000 cmp=com.example.lunchtray/androidx.test.core.app.InstrumentationActivityInvoker$BootstrapActivity (has extras) }, activity=androidx.test.core.app.InstrumentationActivityInvoker$BootstrapActivity@120660d
12-22 20:20:50.503  8963  8963 V ActivityScenario: Activity lifecycle changed event received but ignored because the intent does not match. startActivityIntent=Intent { act=android.intent.action.MAIN cat=[android.intent.category.LAUNCHER] cmp=com.example.lunchtray/.MainActivity }, activity.getIntent()=Intent { act=android.intent.action.MAIN cat=[android.intent.category.LAUNCHER] flg=0x10008000 cmp=com.example.lunchtray/androidx.test.core.app.InstrumentationActivityInvoker$BootstrapActivity (has extras) }, activity=androidx.test.core.app.InstrumentationActivityInvoker$BootstrapActivity@120660d
12-22 20:20:50.504  8963  8963 V ActivityScenario: Activity lifecycle changed event received but ignored because the intent does not match. startActivityIntent=Intent { act=android.intent.action.MAIN cat=[android.intent.category.LAUNCHER] cmp=com.example.lunchtray/.MainActivity }, activity.getIntent()=Intent { act=android.intent.action.MAIN cat=[android.intent.category.LAUNCHER] flg=0x10008000 cmp=com.example.lunchtray/androidx.test.core.app.InstrumentationActivityInvoker$BootstrapActivity (has extras) }, activity=androidx.test.core.app.InstrumentationActivityInvoker$BootstrapActivity@120660d
12-22 20:20:50.518  8963  8963 D LifecycleMonitor: Lifecycle status change: com.example.lunchtray.MainActivity@303ec7d in: PRE_ON_CREATE
12-22 20:20:50.518  8963  8963 V ActivityScenario: Activity lifecycle changed event received but ignored because the reported transition was not ON_CREATE while the last known transition was DESTROYED
12-22 20:20:50.519  8963  8963 V ActivityScenario: Activity lifecycle changed event received but ignored because the reported transition was not ON_CREATE while the last known transition was DESTROYED
12-22 20:20:50.519  8963  8963 V ActivityScenario: Activity lifecycle changed event received but ignored because the reported transition was not ON_CREATE while the last known transition was PRE_ON_CREATE
12-22 20:20:50.522  2393  2393 I GsaVoiceInteractionSrv: Handling ACTION_STOP_HOTWORD
12-22 20:20:50.524  2393  3157 E HwDetectorWithState: a: 3
12-22 20:20:50.548  1001  1096 D EGL_emulation: app_time_stats: avg=292.54ms min=2.12ms max=3678.73ms count=14
12-22 20:20:50.554  1304  2345 D EGL_emulation: app_time_stats: avg=16.48ms min=1.77ms max=265.95ms count=33
12-22 20:20:50.567  8963  8963 D LifecycleMonitor: Lifecycle status change: com.example.lunchtray.MainActivity@303ec7d in: CREATED
12-22 20:20:50.567  8963  8963 V ActivityScenario: Update currentActivityStage to CREATED, currentActivity=com.example.lunchtray.MainActivity@303ec7d
12-22 20:20:50.568  8963  8963 V ActivityScenario: Update currentActivityStage to CREATED, currentActivity=com.example.lunchtray.MainActivity@303ec7d
12-22 20:20:50.568  8963  8963 V ActivityScenario: Update currentActivityStage to CREATED, currentActivity=com.example.lunchtray.MainActivity@303ec7d
12-22 20:20:50.580  8963  8963 D LifecycleMonitor: Lifecycle status change: com.example.lunchtray.MainActivity@303ec7d in: STARTED
12-22 20:20:50.580  8963  8963 V ActivityScenario: Update currentActivityStage to STARTED, currentActivity=com.example.lunchtray.MainActivity@303ec7d
12-22 20:20:50.585  8963  8963 V ActivityScenario: Update currentActivityStage to STARTED, currentActivity=com.example.lunchtray.MainActivity@303ec7d
12-22 20:20:50.585  8963  8963 V ActivityScenario: Update currentActivityStage to STARTED, currentActivity=com.example.lunchtray.MainActivity@303ec7d
12-22 20:20:50.588  8963  8963 D LifecycleMonitor: Lifecycle status change: com.example.lunchtray.MainActivity@303ec7d in: RESUMED
12-22 20:20:50.588  8963  8963 V ActivityScenario: Update currentActivityStage to RESUMED, currentActivity=com.example.lunchtray.MainActivity@303ec7d
12-22 20:20:50.589  8963  8963 V ActivityScenario: Update currentActivityStage to RESUMED, currentActivity=com.example.lunchtray.MainActivity@303ec7d
12-22 20:20:50.589  8963  8963 V ActivityScenario: Update currentActivityStage to RESUMED, currentActivity=com.example.lunchtray.MainActivity@303ec7d
12-22 20:20:50.634  8963  8990 E OpenGLRenderer: Unable to match the desired swap behavior.
12-22 20:20:50.661  8963  8963 D RootViewPicker: Root not ready - waiting: 10ms for one to appear.
12-22 20:20:50.664   573   609 W ziparchive: Unable to open '/data/app/~~ltOsS7u6jcohaR34dQNvgA==/com.example.lunchtray-r6348IOCpoTtk9n5aZXxxw==/base.dm': No such file or directory
12-22 20:20:50.666   573   609 I ActivityTaskManager: Displayed com.example.lunchtray/.MainActivity for user 0: +258ms
12-22 20:20:50.671  8963  8963 D RootViewPicker: Root not ready - waiting: 25ms for one to appear.
12-22 20:20:50.701  8963  8963 D RootViewPicker: Root not ready - waiting: 50ms for one to appear.
12-22 20:20:50.753  8963  8963 D RootViewPicker: Root not ready - waiting: 100ms for one to appear.
12-22 20:20:50.766  1001  1096 D EGL_emulation: app_time_stats: avg=117.73ms min=2.06ms max=2317.94ms count=24
12-22 20:20:50.772  8963  8963 D LifecycleMonitor: Lifecycle status change: androidx.test.core.app.InstrumentationActivityInvoker$BootstrapActivity@120660d in: STOPPED
12-22 20:20:50.772  8963  8963 V ActivityScenario: Activity lifecycle changed event received but ignored because the intent does not match. startActivityIntent=Intent { act=android.intent.action.MAIN cat=[android.intent.category.LAUNCHER] cmp=com.example.lunchtray/.MainActivity }, activity.getIntent()=Intent { act=android.intent.action.MAIN cat=[android.intent.category.LAUNCHER] flg=0x10008000 cmp=com.example.lunchtray/androidx.test.core.app.InstrumentationActivityInvoker$BootstrapActivity (has extras) }, activity=androidx.test.core.app.InstrumentationActivityInvoker$BootstrapActivity@120660d
12-22 20:20:50.773  8963  8963 V ActivityScenario: Activity lifecycle changed event received but ignored because the intent does not match. startActivityIntent=Intent { act=android.intent.action.MAIN cat=[android.intent.category.LAUNCHER] cmp=com.example.lunchtray/.MainActivity }, activity.getIntent()=Intent { act=android.intent.action.MAIN cat=[android.intent.category.LAUNCHER] flg=0x10008000 cmp=com.example.lunchtray/androidx.test.core.app.InstrumentationActivityInvoker$BootstrapActivity (has extras) }, activity=androidx.test.core.app.InstrumentationActivityInvoker$BootstrapActivity@120660d
12-22 20:20:50.774  8963  8963 V ActivityScenario: Activity lifecycle changed event received but ignored because the intent does not match. startActivityIntent=Intent { act=android.intent.action.MAIN cat=[android.intent.category.LAUNCHER] cmp=com.example.lunchtray/.MainActivity }, activity.getIntent()=Intent { act=android.intent.action.MAIN cat=[android.intent.category.LAUNCHER] flg=0x10008000 cmp=com.example.lunchtray/androidx.test.core.app.InstrumentationActivityInvoker$BootstrapActivity (has extras) }, activity=androidx.test.core.app.InstrumentationActivityInvoker$BootstrapActivity@120660d
12-22 20:20:50.792   573  2192 I ImeTracker: com.example.lunchtray:2d6df7b8: onRequestHide at ORIGIN_SERVER_HIDE_INPUT reason HIDE_UNSPECIFIED_WINDOW
12-22 20:20:50.792   573  2192 I ImeTracker: com.example.lunchtray:2d6df7b8: onCancelled at PHASE_SERVER_SHOULD_HIDE
12-22 20:20:50.798  1691  1691 I GoogleInputMethodService: GoogleInputMethodService.onFinishInput():3227
12-22 20:20:50.801  1691  1691 I GoogleInputMethodService: GoogleInputMethodService.updateDeviceLockedStatus():2087 repeatCheckTimes = 0, unlocked = true
12-22 20:20:50.801  1691  1691 I GoogleInputMethodService: GoogleInputMethodService.onStartInput():1877 onStartInput(EditorInfo{inputType=0x0(NULL) imeOptions=0x0 privateImeOptions=null actionName=UNSPECIFIED actionLabel=null actionId=0 initialSelStart=-1 initialSelEnd=-1 initialCapsMode=0x0 hintText=null label=null packageName=com.example.lunchtray fieldId=0 fieldName=null extras=null}, false)
12-22 20:20:50.802  1691  1691 I GoogleInputMethodService: GoogleInputMethodService.shouldHideHeaderOnInitialState():4008 ShouldHideHeaderOnInitialState = false
12-22 20:20:50.804  1691  1691 I GoogleInputMethodService: GoogleInputMethodService.updateDeviceLockedStatus():2087 repeatCheckTimes = 2, unlocked = true
12-22 20:20:50.817  1304  1362 I ImeTracker: com.google.android.apps.nexuslauncher:63e91d5d: onRequestHide at ORIGIN_CLIENT_HIDE_SOFT_INPUT reason HIDE_SOFT_INPUT
12-22 20:20:50.819   573  2193 I ImeTracker: com.google.android.apps.nexuslauncher:63e91d5d: onCancelled at PHASE_SERVER_CLIENT_FOCUSED
12-22 20:20:50.820  1304  6829 D OneSearchSuggestProvider: Shut down the binder channel
12-22 20:20:50.830  1304  1521 I IPCThreadState: oneway function results for code 2 on binder at 0x746072b1e0b0 will be dropped but finished with status UNKNOWN_TRANSACTION
12-22 20:20:50.855  8963  8963 I ViewInteraction: Performing 'single click' action on view view.getId() is <2131231209/com.example.lunchtray:id/start_order_btn>
12-22 20:20:50.859  1304  1304 D TaplEvents: TIS / TouchInteractionService.onInputEvent: MotionEvent { action=ACTION_DOWN, actionButton=0, id[0]=0, x[0]=540.0, y[0]=1197.5, toolType[0]=TOOL_TYPE_UNKNOWN, buttonState=BUTTON_PRIMARY, classification=NONE, metaState=0, flags=0x0, edgeFlags=0x0, pointerCount=1, historySize=0, eventTime=6673856, downTime=6673856, deviceId=-1, source=0x1002, displayId=0, eventId=-63293915 }
12-22 20:20:50.861  8963  8963 D AutofillManager: Fill dialog is enabled:false, hints=[password, passwordAuto, creditCardNumber, creditCardSecurityCode, creditCardExpirationDate]
12-22 20:20:51.023  1304  1304 D TaplEvents: TIS / TouchInteractionService.onInputEvent: MotionEvent { action=ACTION_UP, actionButton=0, id[0]=0, x[0]=540.0, y[0]=1197.5, toolType[0]=TOOL_TYPE_FINGER, buttonState=BUTTON_PRIMARY, classification=NONE, metaState=0, flags=0x0, edgeFlags=0x0, pointerCount=1, historySize=0, eventTime=6674021, downTime=6673856, deviceId=-1, source=0x1002, displayId=0, eventId=-34786698 }
12-22 20:20:51.033   420  1766 D audioserver: FGS Logger Transaction failed
12-22 20:20:51.033   420  1766 D audioserver: -129
12-22 20:20:51.058   420   508 D AudioFlinger: mixer(0x775a69abf930) throttle end: throttle time(29)
12-22 20:20:51.131  1001  1070 W WindowOnBackDispatcher: sendCancelIfRunning: isInProgress=falsecallback=android.view.ViewRootImpl$$ExternalSyntheticLambda17@fb759cc
12-22 20:20:51.132   573  2192 W InputManager-JNI: Input channel object '96435e3 Splash Screen com.example.lunchtray (client)' was disposed without first being removed with the input manager!
12-22 20:20:51.168  8963  8963 D AutofillManager: notifyViewEnteredForFillDialog:1073741825
12-22 20:20:51.174  8963  8963 D AutofillManager: notifyViewEnteredForFillDialog:1073741826
12-22 20:20:51.175  8963  8963 D AutofillManager: notifyViewEnteredForFillDialog:1073741827
12-22 20:20:51.178  8963  8963 D AutofillManager: notifyViewEnteredForFillDialog:1073741828
12-22 20:20:51.180  8963  8963 D AutofillManager: notifyViewEnteredForFillDialog:1073741824
12-22 20:20:51.264   420   508 D audioserver: FGS Logger Transaction failed
12-22 20:20:51.264   420   508 D audioserver: -129
12-22 20:20:51.551  8963  8963 I ViewInteraction: Performing 'single click' action on view view.getId() is <2131230844/com.example.lunchtray:id/cauliflower>
12-22 20:20:51.555  1304  1304 D TaplEvents: TIS / TouchInteractionService.onInputEvent: MotionEvent { action=ACTION_DOWN, actionButton=0, id[0]=0, x[0]=206.0, y[0]=285.5, toolType[0]=TOOL_TYPE_UNKNOWN, buttonState=BUTTON_PRIMARY, classification=NONE, metaState=0, flags=0x0, edgeFlags=0x0, pointerCount=1, historySize=0, eventTime=6674553, downTime=6674553, deviceId=-1, source=0x1002, displayId=0, eventId=-840269884 }
12-22 20:20:51.597  1304  1304 D TaplEvents: TIS / TouchInteractionService.onInputEvent: MotionEvent { action=ACTION_UP, actionButton=0, id[0]=0, x[0]=206.0, y[0]=285.5, toolType[0]=TOOL_TYPE_FINGER, buttonState=BUTTON_PRIMARY, classification=NONE, metaState=0, flags=0x0, edgeFlags=0x0, pointerCount=1, historySize=0, eventTime=6674595, downTime=6674553, deviceId=-1, source=0x1002, displayId=0, eventId=-286824937 }
12-22 20:20:51.627   420  1766 D audioserver: FGS Logger Transaction failed
12-22 20:20:51.628   420  1766 D audioserver: -129
12-22 20:20:51.639  8963  8963 D AutofillManager: notifyViewEnteredForFillDialog:1073741825
12-22 20:20:51.689  8963  8990 D EGL_emulation: app_time_stats: avg=16.42ms min=1.48ms max=268.43ms count=29
12-22 20:20:51.785  1001  1096 D EGL_emulation: app_time_stats: avg=13.51ms min=1.68ms max=98.06ms count=30
12-22 20:20:51.852   420   508 D audioserver: FGS Logger Transaction failed
12-22 20:20:51.852   420   508 D audioserver: -129
12-22 20:20:51.885  1001  1001 D StatusBarIconController: ignoring old pipeline callback because the new wifi icon is enabled
12-22 20:20:52.124  8963  8963 I ViewInteraction: Performing 'single click' action on view view.getId() is <2131231081/com.example.lunchtray:id/next_button>
12-22 20:20:52.128  1304  1304 D TaplEvents: TIS / TouchInteractionService.onInputEvent: MotionEvent { action=ACTION_DOWN, actionButton=0, id[0]=0, x[0]=798.5, y[0]=1718.5, toolType[0]=TOOL_TYPE_UNKNOWN, buttonState=BUTTON_PRIMARY, classification=NONE, metaState=0, flags=0x0, edgeFlags=0x0, pointerCount=1, historySize=0, eventTime=6675126, downTime=6675126, deviceId=-1, source=0x1002, displayId=0, eventId=-908134394 }
12-22 20:20:52.171  1304  1304 D TaplEvents: TIS / TouchInteractionService.onInputEvent: MotionEvent { action=ACTION_UP, actionButton=0, id[0]=0, x[0]=798.5, y[0]=1718.5, toolType[0]=TOOL_TYPE_FINGER, buttonState=BUTTON_PRIMARY, classification=NONE, metaState=0, flags=0x0, edgeFlags=0x0, pointerCount=1, historySize=0, eventTime=6675170, downTime=6675126, deviceId=-1, source=0x1002, displayId=0, eventId=-526517527 }
12-22 20:20:52.190   420  1766 D audioserver: FGS Logger Transaction failed
12-22 20:20:52.190   420  1766 D audioserver: -129
12-22 20:20:52.406  8963  8963 D AutofillManager: notifyViewEnteredForFillDialog:1073741830
12-22 20:20:52.407  8963  8963 D AutofillManager: notifyViewEnteredForFillDialog:1073741831
12-22 20:20:52.408  8963  8963 D AutofillManager: notifyViewEnteredForFillDialog:1073741832
12-22 20:20:52.409  8963  8963 D AutofillManager: notifyViewEnteredForFillDialog:1073741833
12-22 20:20:52.410  8963  8963 D AutofillManager: notifyViewEnteredForFillDialog:1073741829
12-22 20:20:52.418   420   508 D audioserver: FGS Logger Transaction failed
12-22 20:20:52.418   420   508 D audioserver: -129
12-22 20:20:52.655  1001  1001 D StatusBarIconController: ignoring old pipeline callbacks, because the new mobile icons are enabled
12-22 20:20:52.742  8963  8963 I ViewInteraction: Performing 'single click' action on view view.getId() is <2131231138/com.example.lunchtray:id/salad>
12-22 20:20:52.748  1304  1304 D TaplEvents: TIS / TouchInteractionService.onInputEvent: MotionEvent { action=ACTION_DOWN, actionButton=0, id[0]=0, x[0]=239.5, y[0]=285.5, toolType[0]=TOOL_TYPE_UNKNOWN, buttonState=BUTTON_PRIMARY, classification=NONE, metaState=0, flags=0x0, edgeFlags=0x0, pointerCount=1, historySize=0, eventTime=6675746, downTime=6675745, deviceId=-1, source=0x1002, displayId=0, eventId=-444457141 }
12-22 20:20:52.789  1304  1304 D TaplEvents: TIS / TouchInteractionService.onInputEvent: MotionEvent { action=ACTION_UP, actionButton=0, id[0]=0, x[0]=239.5, y[0]=285.5, toolType[0]=TOOL_TYPE_FINGER, buttonState=BUTTON_PRIMARY, classification=NONE, metaState=0, flags=0x0, edgeFlags=0x0, pointerCount=1, historySize=0, eventTime=6675787, downTime=6675745, deviceId=-1, source=0x1002, displayId=0, eventId=-52255624 }
12-22 20:20:52.799  8963  8990 D EGL_emulation: app_time_stats: avg=13.99ms min=3.23ms max=168.11ms count=29
12-22 20:20:52.823  8963  8963 D AutofillManager: notifyViewEnteredForFillDialog:1073741830
12-22 20:20:52.826   420  1766 D audioserver: FGS Logger Transaction failed
12-22 20:20:52.826   420  1766 D audioserver: -129
12-22 20:20:53.055   420   508 D audioserver: FGS Logger Transaction failed
12-22 20:20:53.055   420   508 D audioserver: -129
12-22 20:20:53.241  8963  8963 I ViewInteraction: Performing 'single click' action on view view.getId() is <2131231081/com.example.lunchtray:id/next_button>
12-22 20:20:53.247  1304  1304 D TaplEvents: TIS / TouchInteractionService.onInputEvent: MotionEvent { action=ACTION_DOWN, actionButton=0, id[0]=0, x[0]=798.5, y[0]=1672.5, toolType[0]=TOOL_TYPE_UNKNOWN, buttonState=BUTTON_PRIMARY, classification=NONE, metaState=0, flags=0x0, edgeFlags=0x0, pointerCount=1, historySize=0, eventTime=6676243, downTime=6676243, deviceId=-1, source=0x1002, displayId=0, eventId=-1010965428 }
12-22 20:20:53.291  1304  1304 D TaplEvents: TIS / TouchInteractionService.onInputEvent: MotionEvent { action=ACTION_UP, actionButton=0, id[0]=0, x[0]=798.5, y[0]=1672.5, toolType[0]=TOOL_TYPE_FINGER, buttonState=BUTTON_PRIMARY, classification=NONE, metaState=0, flags=0x0, edgeFlags=0x0, pointerCount=1, historySize=0, eventTime=6676287, downTime=6676243, deviceId=-1, source=0x1002, displayId=0, eventId=-806002416 }
12-22 20:20:53.326   420  1766 D audioserver: FGS Logger Transaction failed
12-22 20:20:53.326   420  1766 D audioserver: -129
12-22 20:20:53.413   440   440 W adbd    : timeout expired while flushing socket, closing
12-22 20:20:53.504  8963  8963 D AutofillManager: notifyViewEnteredForFillDialog:1073741835
12-22 20:20:53.506  8963  8963 D AutofillManager: notifyViewEnteredForFillDialog:1073741836
12-22 20:20:53.507  8963  8963 D AutofillManager: notifyViewEnteredForFillDialog:1073741837
12-22 20:20:53.509  8963  8963 D AutofillManager: notifyViewEnteredForFillDialog:1073741834
12-22 20:20:53.573   420   508 D audioserver: FGS Logger Transaction failed
12-22 20:20:53.574   420   508 D audioserver: -129
12-22 20:20:53.873  8963  8963 I ViewInteraction: Performing 'single click' action on view view.getId() is <2131230835/com.example.lunchtray:id/bread>
12-22 20:20:53.897  1304  1304 D TaplEvents: TIS / TouchInteractionService.onInputEvent: MotionEvent { action=ACTION_DOWN, actionButton=0, id[0]=0, x[0]=196.0, y[0]=285.5, toolType[0]=TOOL_TYPE_UNKNOWN, buttonState=BUTTON_PRIMARY, classification=NONE, metaState=0, flags=0x0, edgeFlags=0x0, pointerCount=1, historySize=0, eventTime=6676884, downTime=6676884, deviceId=-1, source=0x1002, displayId=0, eventId=-707698837 }
12-22 20:20:53.932  1304  1304 D TaplEvents: TIS / TouchInteractionService.onInputEvent: MotionEvent { action=ACTION_UP, actionButton=0, id[0]=0, x[0]=196.0, y[0]=285.5, toolType[0]=TOOL_TYPE_FINGER, buttonState=BUTTON_PRIMARY, classification=NONE, metaState=0, flags=0x0, edgeFlags=0x0, pointerCount=1, historySize=0, eventTime=6676924, downTime=6676884, deviceId=-1, source=0x1002, displayId=0, eventId=-371635537 }
12-22 20:20:53.973  8963  8990 D EGL_emulation: app_time_stats: avg=15.71ms min=1.78ms max=308.05ms count=31
12-22 20:20:53.983   420  1766 D audioserver: FGS Logger Transaction failed
12-22 20:20:53.984   420  1766 D audioserver: -129
12-22 20:20:53.999  8963  8963 D AutofillManager: notifyViewEnteredForFillDialog:1073741835
12-22 20:20:54.211   420   508 D audioserver: FGS Logger Transaction failed
12-22 20:20:54.212   420   508 D audioserver: -129
12-22 20:20:54.393  8963  8963 I ViewInteraction: Performing 'single click' action on view view.getId() is <2131231081/com.example.lunchtray:id/next_button>
12-22 20:20:54.399  1304  1304 D TaplEvents: TIS / TouchInteractionService.onInputEvent: MotionEvent { action=ACTION_DOWN, actionButton=0, id[0]=0, x[0]=798.5, y[0]=1341.5, toolType[0]=TOOL_TYPE_UNKNOWN, buttonState=BUTTON_PRIMARY, classification=NONE, metaState=0, flags=0x0, edgeFlags=0x0, pointerCount=1, historySize=0, eventTime=6677395, downTime=6677395, deviceId=-1, source=0x1002, displayId=0, eventId=-777419046 }
12-22 20:20:54.452  1304  1304 D TaplEvents: TIS / TouchInteractionService.onInputEvent: MotionEvent { action=ACTION_UP, actionButton=0, id[0]=0, x[0]=798.5, y[0]=1341.5, toolType[0]=TOOL_TYPE_FINGER, buttonState=BUTTON_PRIMARY, classification=NONE, metaState=0, flags=0x0, edgeFlags=0x0, pointerCount=1, historySize=0, eventTime=6677448, downTime=6677395, deviceId=-1, source=0x1002, displayId=0, eventId=-493848627 }
12-22 20:20:54.482   420  1766 D audioserver: FGS Logger Transaction failed
12-22 20:20:54.483   420  1766 D audioserver: -129
12-22 20:20:54.708   420   508 D audioserver: FGS Logger Transaction failed
12-22 20:20:54.708   420   508 D audioserver: -129
12-22 20:20:54.839  1001  1001 D StatusBarIconController: ignoring old pipeline callback because the new wifi icon is enabled
12-22 20:20:54.955  8963  8963 I ViewInteraction: Checking 'MatchesViewAssertion{viewMatcher=an instance of android.widget.TextView and view.getText() with or without transformation to match: a string containing "Subtotal: $10.00"}' assertion on view view.getId() is <2131231218/com.example.lunchtray:id/subtotal>
12-22 20:20:54.958  8963  8963 I ViewInteraction: Checking 'MatchesViewAssertion{viewMatcher=an instance of android.widget.TextView and view.getText() with or without transformation to match: a string containing "Tax: $0.80"}' assertion on view view.getId() is <2131231234/com.example.lunchtray:id/tax>
12-22 20:20:54.960  8963  8963 I ViewInteraction: Checking 'MatchesViewAssertion{viewMatcher=an instance of android.widget.TextView and view.getText() with or without transformation to match: a string containing "Total: $10.80"}' assertion on view view.getId() is <2131231263/com.example.lunchtray:id/total>
12-22 20:20:54.961  8963  8988 I TestRunner: finished: subtotal_tax_total_in_checkout(com.example.lunchtray.OrderFunctionalityTests)
