12-22 20:20:55.806  8963  8988 I TestRunner: started: radio_buttons_update_accompaniment_menu_subtotal(com.example.lunchtray.OrderFunctionalityTests)
12-22 20:20:55.824  8963  8988 W Settings: Setting always_finish_activities has moved from android.provider.Settings.System to android.provider.Settings.Global, returning read-only value.
12-22 20:20:55.841  1001  1071 D SplashScreenView: Build android.window.SplashScreenView{1855b30 V.E...... ......ID 0,0-0,0}
12-22 20:20:55.841  1001  1071 D SplashScreenView: Icon: view: null drawable: null size: 0
12-22 20:20:55.841  1001  1071 D SplashScreenView: Branding: view: android.view.View{eb0a3a9 G.ED..... ......I. 0,0-0,0 #10204ef android:id/splashscreen_branding_view} drawable: null size w: 0 h: 0
12-22 20:20:55.878  8963  8963 D LifecycleMonitor: Lifecycle status change: androidx.test.core.app.InstrumentationActivityInvoker$BootstrapActivity@22f00f0 in: PRE_ON_CREATE
12-22 20:20:55.879  8963  8963 V ActivityScenario: Activity lifecycle changed event received but ignored because the intent does not match. startActivityIntent=Intent { act=android.intent.action.MAIN cat=[android.intent.category.LAUNCHER] cmp=com.example.lunchtray/.MainActivity }, activity.getIntent()=Intent { act=android.intent.action.MAIN cat=[android.intent.category.LAUNCHER] flg=0x10008000 cmp=com.example.lunchtray/androidx.test.core.app.InstrumentationActivityInvoker$BootstrapActivity (has extras) }, activity=androidx.test.core.app.InstrumentationActivityInvoker$BootstrapActivity@22f00f0
12-22 20:20:55.881  8963  8963 V ActivityScenario: Activity lifecycle changed event received but ignored because the intent does not match. startActivityIntent=Intent { act=android.intent.action.MAIN cat=[android.intent.category.LAUNCHER] cmp=com.example.lunchtray/.MainActivity }, activity.getIntent()=Intent { act=android.intent.action.MAIN cat=[android.intent.category.LAUNCHER] flg=0x10008000 cmp=com.example.lunchtray/androidx.test.core.app.InstrumentationActivityInvoker$BootstrapActivity (has extras) }, activity=androidx.test.core.app.InstrumentationActivityInvoker$BootstrapActivity@22f00f0
12-22 20:20:55.882  8963  8963 V ActivityScenario: Activity lifecycle changed event received but ignored because the intent does not match. startActivityIntent=Intent { act=android.intent.action.MAIN cat=[android.intent.category.LAUNCHER] cmp=com.example.lunchtray/androidx.fragment.app.testing.FragmentScenario$EmptyFragmentActivity (has extras) }, activity.getIntent()=Intent { act=android.intent.action.MAIN cat=[android.intent.category.LAUNCHER] flg=0x10008000 cmp=com.example.lunchtray/androidx.test.core.app.InstrumentationActivityInvoker$BootstrapActivity (has extras) }, activity=androidx.test.core.app.InstrumentationActivityInvoker$BootstrapActivity@22f00f0
12-22 20:20:55.890  1001  1096 E OpenGLRenderer: Unable to match the desired swap behavior.
12-22 20:20:55.901  8963  8963 D LifecycleMonitor: Lifecycle status change: androidx.test.core.app.InstrumentationActivityInvoker$BootstrapActivity@22f00f0 in: CREATED
12-22 20:20:55.904  8963  8963 V ActivityScenario: Activity lifecycle changed event received but ignored because the intent does not match. startActivityIntent=Intent { act=android.intent.action.MAIN cat=[android.intent.category.LAUNCHER] cmp=com.example.lunchtray/.MainActivity }, activity.getIntent()=Intent { act=android.intent.action.MAIN cat=[android.intent.category.LAUNCHER] flg=0x10008000 cmp=com.example.lunchtray/androidx.test.core.app.InstrumentationActivityInvoker$BootstrapActivity (has extras) }, activity=androidx.test.core.app.InstrumentationActivityInvoker$BootstrapActivity@22f00f0
12-22 20:20:55.905  8963  8963 V ActivityScenario: Activity lifecycle changed event received but ignored because the intent does not match. startActivityIntent=Intent { act=android.intent.action.MAIN cat=[android.intent.category.LAUNCHER] cmp=com.example.lunchtray/.MainActivity }, activity.getIntent()=Intent { act=android.intent.action.MAIN cat=[android.intent.category.LAUNCHER] flg=0x10008000 cmp=com.example.lunchtray/androidx.test.core.app.InstrumentationActivityInvoker$BootstrapActivity (has extras) }, activity=androidx.test.core.app.InstrumentationActivityInvoker$BootstrapActivity@22f00f0
12-22 20:20:55.907  8963  8963 V ActivityScenario: Activity lifecycle changed event received but ignored because the intent does not match. startActivityIntent=Intent { act=android.intent.action.MAIN cat=[android.intent.category.LAUNCHER] cmp=com.example.lunchtray/androidx.fragment.app.testing.FragmentScenario$EmptyFragmentActivity (has extras) }, activity.getIntent()=Intent { act=android.intent.action.MAIN cat=[android.intent.category.LAUNCHER] flg=0x10008000 cmp=com.example.lunchtray/androidx.test.core.app.InstrumentationActivityInvoker$BootstrapActivity (has extras) }, activity=androidx.test.core.app.InstrumentationActivityInvoker$BootstrapActivity@22f00f0
12-22 20:20:55.910  8963  8963 D LifecycleMonitor: Lifecycle status change: androidx.test.core.app.InstrumentationActivityInvoker$BootstrapActivity@22f00f0 in: STARTED
12-22 20:20:55.910   424   424 I BpBinder: onLastStrongRef automatically unlinking death recipients:
12-22 20:20:55.910  8963  8963 V ActivityScenario: Activity lifecycle changed event received but ignored because the intent does not match. startActivityIntent=Intent { act=android.intent.action.MAIN cat=[android.intent.category.LAUNCHER] cmp=com.example.lunchtray/.MainActivity }, activity.getIntent()=Intent { act=android.intent.action.MAIN cat=[android.intent.category.LAUNCHER] flg=0x10008000 cmp=com.example.lunchtray/androidx.test.core.app.InstrumentationActivityInvoker$BootstrapActivity (has extras) }, activity=androidx.test.core.app.InstrumentationActivityInvoker$BootstrapActivity@22f00f0
12-22 20:20:55.911  8963  8963 V ActivityScenario: Activity lifecycle changed event received but ignored because the intent does not match. startActivityIntent=Intent { act=android.intent.action.MAIN cat=[android.intent.category.LAUNCHER] cmp=com.example.lunchtray/.MainActivity }, activity.getIntent()=Intent { act=android.intent.action.MAIN cat=[android.intent.category.LAUNCHER] flg=0x10008000 cmp=com.example.lunchtray/androidx.test.core.app.InstrumentationActivityInvoker$BootstrapActivity (has extras) }, activity=androidx.test.core.app.InstrumentationActivityInvoker$BootstrapActivity@22f00f0
12-22 20:20:55.911  8963  8963 V ActivityScenario: Activity lifecycle changed event received but ignored because the intent does not match. startActivityIntent=Intent { act=android.intent.action.MAIN cat=[android.intent.category.LAUNCHER] cmp=com.example.lunchtray/androidx.fragment.app.testing.FragmentScenario$EmptyFragmentActivity (has extras) }, activity.getIntent()=Intent { act=android.intent.action.MAIN cat=[android.intent.category.LAUNCHER] flg=0x10008000 cmp=com.example.lunchtray/androidx.test.core.app.InstrumentationActivityInvoker$BootstrapActivity (has extras) }, activity=androidx.test.core.app.InstrumentationActivityInvoker$BootstrapActivity@22f00f0
12-22 20:20:55.927  8963  8963 D LifecycleMonitor: Lifecycle status change: androidx.test.core.app.InstrumentationActivityInvoker$BootstrapActivity@22f00f0 in: RESUMED
12-22 20:20:55.927  8963  8963 V ActivityScenario: Activity lifecycle changed event received but ignored because the intent does not match. startActivityIntent=Intent { act=android.intent.action.MAIN cat=[android.intent.category.LAUNCHER] cmp=com.example.lunchtray/.MainActivity }, activity.getIntent()=Intent { act=android.intent.action.MAIN cat=[android.intent.category.LAUNCHER] flg=0x10008000 cmp=com.example.lunchtray/androidx.test.core.app.InstrumentationActivityInvoker$BootstrapActivity (has extras) }, activity=androidx.test.core.app.InstrumentationActivityInvoker$BootstrapActivity@22f00f0
12-22 20:20:55.928  8963  8963 V ActivityScenario: Activity lifecycle changed event received but ignored because the intent does not match. startActivityIntent=Intent { act=android.intent.action.MAIN cat=[android.intent.category.LAUNCHER] cmp=com.example.lunchtray/.MainActivity }, activity.getIntent()=Intent { act=android.intent.action.MAIN cat=[android.intent.category.LAUNCHER] flg=0x10008000 cmp=com.example.lunchtray/androidx.test.core.app.InstrumentationActivityInvoker$BootstrapActivity (has extras) }, activity=androidx.test.core.app.InstrumentationActivityInvoker$BootstrapActivity@22f00f0
12-22 20:20:55.929  8963  8963 V ActivityScenario: Activity lifecycle changed event received but ignored because the intent does not match. startActivityIntent=Intent { act=android.intent.action.MAIN cat=[android.intent.category.LAUNCHER] cmp=com.example.lunchtray/androidx.fragment.app.testing.FragmentScenario$EmptyFragmentActivity (has extras) }, activity.getIntent()=Intent { act=android.intent.action.MAIN cat=[android.intent.category.LAUNCHER] flg=0x10008000 cmp=com.example.lunchtray/androidx.test.core.app.InstrumentationActivityInvoker$BootstrapActivity (has extras) }, activity=androidx.test.core.app.InstrumentationActivityInvoker$BootstrapActivity@22f00f0
12-22 20:20:55.932  8963  8963 D LifecycleMonitor: Lifecycle status change: androidx.test.core.app.InstrumentationActivityInvoker$BootstrapActivity@22f00f0 in: PAUSED
12-22 20:20:55.932  8963  8963 V ActivityScenario: Activity lifecycle changed event received but ignored because the intent does not match. startActivityIntent=Intent { act=android.intent.action.MAIN cat=[android.intent.category.LAUNCHER] cmp=com.example.lunchtray/.MainActivity }, activity.getIntent()=Intent { act=android.intent.action.MAIN cat=[android.intent.category.LAUNCHER] flg=0x10008000 cmp=com.example.lunchtray/androidx.test.core.app.InstrumentationActivityInvoker$BootstrapActivity (has extras) }, activity=androidx.test.core.app.InstrumentationActivityInvoker$BootstrapActivity@22f00f0
12-22 20:20:55.933  8963  8963 V ActivityScenario: Activity lifecycle changed event received but ignored because the intent does not match. startActivityIntent=Intent { act=android.intent.action.MAIN cat=[android.intent.category.LAUNCHER] cmp=com.example.lunchtray/.MainActivity }, activity.getIntent()=Intent { act=android.intent.action.MAIN cat=[android.intent.category.LAUNCHER] flg=0x10008000 cmp=com.example.lunchtray/androidx.test.core.app.InstrumentationActivityInvoker$BootstrapActivity (has extras) }, activity=androidx.test.core.app.InstrumentationActivityInvoker$BootstrapActivity@22f00f0
12-22 20:20:55.933  8963  8963 V ActivityScenario: Activity lifecycle changed event received but ignored because the intent does not match. startActivityIntent=Intent { act=android.intent.action.MAIN cat=[android.intent.category.LAUNCHER] cmp=com.example.lunchtray/androidx.fragment.app.testing.FragmentScenario$EmptyFragmentActivity (has extras) }, activity.getIntent()=Intent { act=android.intent.action.MAIN cat=[android.intent.category.LAUNCHER] flg=0x10008000 cmp=com.example.lunchtray/androidx.test.core.app.InstrumentationActivityInvoker$BootstrapActivity (has extras) }, activity=androidx.test.core.app.InstrumentationActivityInvoker$BootstrapActivity@22f00f0
12-22 20:20:55.951  8963  8963 D LifecycleMonitor: Lifecycle status change: androidx.fragment.app.testing.FragmentScenario$EmptyFragmentActivity@62dfe08 in: PRE_ON_CREATE
12-22 20:20:55.952  1001  1096 D EGL_emulation: app_time_stats: avg=402.60ms min=1.94ms max=4898.08ms count=13
12-22 20:20:55.952  8963  8963 V ActivityScenario: Activity lifecycle changed event received but ignored because the intent does not match. startActivityIntent=Intent { act=android.intent.action.MAIN cat=[android.intent.category.LAUNCHER] cmp=com.example.lunchtray/.MainActivity }, activity.getIntent()=Intent { act=android.intent.action.MAIN cat=[android.intent.category.LAUNCHER] cmp=com.example.lunchtray/androidx.fragment.app.testing.FragmentScenario$EmptyFragmentActivity (has extras) }, activity=androidx.fragment.app.testing.FragmentScenario$EmptyFragmentActivity@62dfe08
12-22 20:20:55.954  8963  8963 V ActivityScenario: Activity lifecycle changed event received but ignored because the intent does not match. startActivityIntent=Intent { act=android.intent.action.MAIN cat=[android.intent.category.LAUNCHER] cmp=com.example.lunchtray/.MainActivity }, activity.getIntent()=Intent { act=android.intent.action.MAIN cat=[android.intent.category.LAUNCHER] cmp=com.example.lunchtray/androidx.fragment.app.testing.FragmentScenario$EmptyFragmentActivity (has extras) }, activity=androidx.fragment.app.testing.FragmentScenario$EmptyFragmentActivity@62dfe08
12-22 20:20:55.954  8963  8963 V ActivityScenario: Activity lifecycle changed event received but ignored because the reported transition was not ON_CREATE while the last known transition was PRE_ON_CREATE
12-22 20:20:55.961  2393  2393 I GsaVoiceInteractionSrv: Handling ACTION_STOP_HOTWORD
12-22 20:20:55.964  2393  3150 E HwDetectorWithState: a: 3
12-22 20:20:55.967  8963  8963 D LifecycleMonitor: Lifecycle status change: androidx.fragment.app.testing.FragmentScenario$EmptyFragmentActivity@62dfe08 in: CREATED
12-22 20:20:55.969  8963  8963 V ActivityScenario: Activity lifecycle changed event received but ignored because the intent does not match. startActivityIntent=Intent { act=android.intent.action.MAIN cat=[android.intent.category.LAUNCHER] cmp=com.example.lunchtray/.MainActivity }, activity.getIntent()=Intent { act=android.intent.action.MAIN cat=[android.intent.category.LAUNCHER] cmp=com.example.lunchtray/androidx.fragment.app.testing.FragmentScenario$EmptyFragmentActivity (has extras) }, activity=androidx.fragment.app.testing.FragmentScenario$EmptyFragmentActivity@62dfe08
12-22 20:20:55.970  8963  8963 V ActivityScenario: Activity lifecycle changed event received but ignored because the intent does not match. startActivityIntent=Intent { act=android.intent.action.MAIN cat=[android.intent.category.LAUNCHER] cmp=com.example.lunchtray/.MainActivity }, activity.getIntent()=Intent { act=android.intent.action.MAIN cat=[android.intent.category.LAUNCHER] cmp=com.example.lunchtray/androidx.fragment.app.testing.FragmentScenario$EmptyFragmentActivity (has extras) }, activity=androidx.fragment.app.testing.FragmentScenario$EmptyFragmentActivity@62dfe08
12-22 20:20:55.971  8963  8963 V ActivityScenario: Update currentActivityStage to CREATED, currentActivity=androidx.fragment.app.testing.FragmentScenario$EmptyFragmentActivity@62dfe08
12-22 20:20:55.974  8963  8963 D LifecycleMonitor: Lifecycle status change: androidx.fragment.app.testing.FragmentScenario$EmptyFragmentActivity@62dfe08 in: STARTED
12-22 20:20:55.974  8963  8963 V ActivityScenario: Activity lifecycle changed event received but ignored because the intent does not match. startActivityIntent=Intent { act=android.intent.action.MAIN cat=[android.intent.category.LAUNCHER] cmp=com.example.lunchtray/.MainActivity }, activity.getIntent()=Intent { act=android.intent.action.MAIN cat=[android.intent.category.LAUNCHER] cmp=com.example.lunchtray/androidx.fragment.app.testing.FragmentScenario$EmptyFragmentActivity (has extras) }, activity=androidx.fragment.app.testing.FragmentScenario$EmptyFragmentActivity@62dfe08
12-22 20:20:55.975  8963  8963 V ActivityScenario: Activity lifecycle changed event received but ignored because the intent does not match. startActivityIntent=Intent { act=android.intent.action.MAIN cat=[android.intent.category.LAUNCHER] cmp=com.example.lunchtray/.MainActivity }, activity.getIntent()=Intent { act=android.intent.action.MAIN cat=[android.intent.category.LAUNCHER] cmp=com.example.lunchtray/androidx.fragment.app.testing.FragmentScenario$EmptyFragmentActivity (has extras) }, activity=androidx.fragment.app.testing.FragmentScenario$EmptyFragmentActivity@62dfe08
12-22 20:20:55.977  8963  8963 V ActivityScenario: Update currentActivityStage to STARTED, currentActivity=androidx.fragment.app.testing.FragmentScenario$EmptyFragmentActivity@62dfe08
12-22 20:20:55.979  8963  8963 D LifecycleMonitor: Lifecycle status change: androidx.fragment.app.testing.FragmentScenario$EmptyFragmentActivity@62dfe08 in: RESUMED
12-22 20:20:55.981  8963  8963 V ActivityScenario: Activity lifecycle changed event received but ignored because the intent does not match. startActivityIntent=Intent { act=android.intent.action.MAIN cat=[android.intent.category.LAUNCHER] cmp=com.example.lunchtray/.MainActivity }, activity.getIntent()=Intent { act=android.intent.action.MAIN cat=[android.intent.category.LAUNCHER] cmp=com.example.lunchtray/androidx.fragment.app.testing.FragmentScenario$EmptyFragmentActivity (has extras) }, activity=androidx.fragment.app.testing.FragmentScenario$EmptyFragmentActivity@62dfe08
12-22 20:20:55.982  8963  8963 V ActivityScenario: Activity lifecycle changed event received but ignored because the intent does not match. startActivityIntent=Intent { act=android.intent.action.MAIN cat=[android.intent.category.LAUNCHER] cmp=com.example.lunchtray/.MainActivity }, activity.getIntent()=Intent { act=android.intent.action.MAIN cat=[android.intent.category.LAUNCHER] cmp=com.example.lunchtray/androidx.fragment.app.testing.FragmentScenario$EmptyFragmentActivity (has extras) }, activity=androidx.fragment.app.testing.FragmentScenario$EmptyFragmentActivity@62dfe08
12-22 20:20:55.982  8963  8963 V ActivityScenario: Update currentActivityStage to RESUMED, currentActivity=androidx.fragment.app.testing.FragmentScenario$EmptyFragmentActivity@62dfe08
12-22 20:20:56.005  8963  8990 E OpenGLRenderer: Unable to match the desired swap behavior.
12-22 20:20:56.017   573   609 W ziparchive: Unable to open '/data/app/~~ltOsS7u6jcohaR34dQNvgA==/com.example.lunchtray-r6348IOCpoTtk9n5aZXxxw==/base.dm': No such file or directory
12-22 20:20:56.020   573   609 I ActivityTaskManager: Displayed com.example.lunchtray/androidx.fragment.app.testing.FragmentScenario$EmptyFragmentActivity for user 0: +183ms
12-22 20:20:56.027  8963  8963 D AutofillManager: Fill dialog is enabled:false, hints=[password, passwordAuto, creditCardNumber, creditCardSecurityCode, creditCardExpirationDate]
12-22 20:20:56.083  8963  8963 D AutofillManager: notifyViewEnteredForFillDialog:1073741825
12-22 20:20:56.085  8963  8963 D AutofillManager: notifyViewEnteredForFillDialog:1073741826
12-22 20:20:56.086  8963  8963 D AutofillManager: notifyViewEnteredForFillDialog:1073741827
12-22 20:20:56.089  8963  8963 D AutofillManager: notifyViewEnteredForFillDialog:1073741824
12-22 20:20:56.099  8963  8963 D RootViewPicker: Root not ready - waiting: 10ms for one to appear.
12-22 20:20:56.110  8963  8963 D RootViewPicker: Root not ready - waiting: 25ms for one to appear.
12-22 20:20:56.183  1001  1096 D EGL_emulation: app_time_stats: avg=160.71ms min=1.75ms max=3520.47ms count=24
12-22 20:20:56.240  8963  8963 D RootViewPicker: Root not ready - waiting: 50ms for one to appear.
12-22 20:20:56.268  8963  8963 D LifecycleMonitor: Lifecycle status change: androidx.test.core.app.InstrumentationActivityInvoker$BootstrapActivity@22f00f0 in: STOPPED
12-22 20:20:56.274  8963  8963 V ActivityScenario: Activity lifecycle changed event received but ignored because the intent does not match. startActivityIntent=Intent { act=android.intent.action.MAIN cat=[android.intent.category.LAUNCHER] cmp=com.example.lunchtray/.MainActivity }, activity.getIntent()=Intent { act=android.intent.action.MAIN cat=[android.intent.category.LAUNCHER] flg=0x10008000 cmp=com.example.lunchtray/androidx.test.core.app.InstrumentationActivityInvoker$BootstrapActivity (has extras) }, activity=androidx.test.core.app.InstrumentationActivityInvoker$BootstrapActivity@22f00f0
12-22 20:20:56.275  8963  8963 V ActivityScenario: Activity lifecycle changed event received but ignored because the intent does not match. startActivityIntent=Intent { act=android.intent.action.MAIN cat=[android.intent.category.LAUNCHER] cmp=com.example.lunchtray/.MainActivity }, activity.getIntent()=Intent { act=android.intent.action.MAIN cat=[android.intent.category.LAUNCHER] flg=0x10008000 cmp=com.example.lunchtray/androidx.test.core.app.InstrumentationActivityInvoker$BootstrapActivity (has extras) }, activity=androidx.test.core.app.InstrumentationActivityInvoker$BootstrapActivity@22f00f0
12-22 20:20:56.282  8963  8963 V ActivityScenario: Activity lifecycle changed event received but ignored because the intent does not match. startActivityIntent=Intent { act=android.intent.action.MAIN cat=[android.intent.category.LAUNCHER] cmp=com.example.lunchtray/androidx.fragment.app.testing.FragmentScenario$EmptyFragmentActivity (has extras) }, activity.getIntent()=Intent { act=android.intent.action.MAIN cat=[android.intent.category.LAUNCHER] flg=0x10008000 cmp=com.example.lunchtray/androidx.test.core.app.InstrumentationActivityInvoker$BootstrapActivity (has extras) }, activity=androidx.test.core.app.InstrumentationActivityInvoker$BootstrapActivity@22f00f0
12-22 20:20:56.298   573  2192 I ImeTracker: com.example.lunchtray:1638b597: onRequestHide at ORIGIN_SERVER_HIDE_INPUT reason HIDE_UNSPECIFIED_WINDOW
12-22 20:20:56.299   573  2192 I ImeTracker: com.example.lunchtray:1638b597: onCancelled at PHASE_SERVER_SHOULD_HIDE
12-22 20:20:56.307  1691  1691 I GoogleInputMethodService: GoogleInputMethodService.onFinishInput():3227
12-22 20:20:56.322  1691  1691 I GoogleInputMethodService: GoogleInputMethodService.updateDeviceLockedStatus():2087 repeatCheckTimes = 0, unlocked = true
12-22 20:20:56.325  1691  1691 I GoogleInputMethodService: GoogleInputMethodService.onStartInput():1877 onStartInput(EditorInfo{inputType=0x0(NULL) imeOptions=0x0 privateImeOptions=null actionName=UNSPECIFIED actionLabel=null actionId=0 initialSelStart=-1 initialSelEnd=-1 initialCapsMode=0x0 hintText=null label=null packageName=com.example.lunchtray fieldId=0 fieldName=null extras=null}, false)
12-22 20:20:56.334  1304  1362 I ImeTracker: com.google.android.apps.nexuslauncher:e9643cea: onRequestHide at ORIGIN_CLIENT_HIDE_SOFT_INPUT reason HIDE_SOFT_INPUT
12-22 20:20:56.338  1691  1691 I GoogleInputMethodService: GoogleInputMethodService.shouldHideHeaderOnInitialState():4008 ShouldHideHeaderOnInitialState = false
12-22 20:20:56.343  1304  6829 D OneSearchSuggestProvider: Shut down the binder channel
12-22 20:20:56.346  1304  1340 I IPCThreadState: oneway function results for code 2 on binder at 0x746072b021e0 will be dropped but finished with status UNKNOWN_TRANSACTION
12-22 20:20:56.349  1691  1691 I GoogleInputMethodService: GoogleInputMethodService.updateDeviceLockedStatus():2087 repeatCheckTimes = 2, unlocked = true
12-22 20:20:56.363  8963  8963 I ViewInteraction: Performing 'single click' action on view view.getId() is <2131230835/com.example.lunchtray:id/bread>
12-22 20:20:56.369  1304  1304 D TaplEvents: TIS / TouchInteractionService.onInputEvent: MotionEvent { action=ACTION_DOWN, actionButton=0, id[0]=0, x[0]=196.0, y[0]=109.5, toolType[0]=TOOL_TYPE_UNKNOWN, buttonState=BUTTON_PRIMARY, classification=NONE, metaState=0, flags=0x0, edgeFlags=0x0, pointerCount=1, historySize=0, eventTime=6679364, downTime=6679364, deviceId=-1, source=0x1002, displayId=0, eventId=-908506980 }
12-22 20:20:56.399   573  2199 I ImeTracker: com.google.android.apps.nexuslauncher:e9643cea: onCancelled at PHASE_SERVER_CLIENT_FOCUSED
12-22 20:20:56.452  1304  1304 D TaplEvents: TIS / TouchInteractionService.onInputEvent: MotionEvent { action=ACTION_UP, actionButton=0, id[0]=0, x[0]=196.0, y[0]=109.5, toolType[0]=TOOL_TYPE_FINGER, buttonState=BUTTON_PRIMARY, classification=NONE, metaState=0, flags=0x0, edgeFlags=0x0, pointerCount=1, historySize=0, eventTime=6679451, downTime=6679364, deviceId=-1, source=0x1002, displayId=0, eventId=-1040246493 }
12-22 20:20:56.573  1001  1070 W WindowOnBackDispatcher: sendCancelIfRunning: isInProgress=falsecallback=android.view.ViewRootImpl$$ExternalSyntheticLambda17@3c8baeb
12-22 20:20:56.575   573  2189 W InputManager-JNI: Input channel object 'bc7a9d0 Splash Screen com.example.lunchtray (client)' was disposed without first being removed with the input manager!
12-22 20:20:56.675  8963  8963 I ViewInteraction: Checking 'MatchesViewAssertion{viewMatcher=an instance of android.widget.TextView and view.getText() with or without transformation to match: a string containing "Subtotal: $0.50"}' assertion on view view.getId() is <2131231218/com.example.lunchtray:id/subtotal>
12-22 20:20:56.685  8963  8988 E TestRunner: failed: radio_buttons_update_accompaniment_menu_subtotal(com.example.lunchtray.OrderFunctionalityTests)
12-22 20:20:56.685  8963  8988 E TestRunner: ----- begin exception -----
12-22 20:20:56.691  8963  8988 E TestRunner: androidx.test.espresso.base.DefaultFailureHandler$AssertionFailedWithCauseError: 'an instance of android.widget.TextView and view.getText() with or without transformation to match: a string containing "Subtotal: $0.50"' doesn't match the selected view.
12-22 20:20:56.691  8963  8988 E TestRunner: Expected: an instance of android.widget.TextView and view.getText() with or without transformation to match: a string containing "Subtotal: $0.50"
12-22 20:20:56.691  8963  8988 E TestRunner:      Got: view.getText() was "Subtotal: $0.00"
12-22 20:20:56.691  8963  8988 E TestRunner: View Details: TextView{id=2131231218, res-name=subtotal, visibility=VISIBLE, width=342, height=67, has-focus=false, has-focusable=false, has-window-focus=true, is-clickable=false, is-enabled=true, is-focused=false, is-focusable=false, is-layout-requested=false, is-selected=false, layout-params=androidx.constraintlayout.widget.ConstraintLayout$LayoutParams@2ff2c05, tag=null, root-is-layout-requested=false, has-input-connection=false, x=694.0, y=813.0, text=Subtotal: $0.00, input-type=0, ime-target=false, has-links=false}
12-22 20:20:56.691  8963  8988 E TestRunner:
12-22 20:20:56.691  8963  8988 E TestRunner: 	at dalvik.system.VMStack.getThreadStackTrace(Native Method)
12-22 20:20:56.691  8963  8988 E TestRunner: 	at java.lang.Thread.getStackTrace(Thread.java:1841)
12-22 20:20:56.691  8963  8988 E TestRunner: 	at androidx.test.espresso.base.DefaultFailureHandler.getUserFriendlyError(DefaultFailureHandler.java:12)
12-22 20:20:56.691  8963  8988 E TestRunner: 	at androidx.test.espresso.base.DefaultFailureHandler.handle(DefaultFailureHandler.java:7)
12-22 20:20:56.691  8963  8988 E TestRunner: 	at androidx.test.espresso.ViewInteraction.waitForAndHandleInteractionResults(ViewInteraction.java:5)
12-22 20:20:56.691  8963  8988 E TestRunner: 	at androidx.test.espresso.ViewInteraction.check(ViewInteraction.java:12)
12-22 20:20:56.691  8963  8988 E TestRunner: 	at com.example.lunchtray.OrderFunctionalityTests.radio_buttons_update_accompaniment_menu_subtotal(OrderFunctionalityTests.kt:116)
12-22 20:20:56.691  8963  8988 E TestRunner: 	at java.lang.reflect.Method.invoke(Native Method)
12-22 20:20:56.691  8963  8988 E TestRunner: 	at org.junit.runners.model.FrameworkMethod$1.runReflectiveCall(FrameworkMethod.java:50)
12-22 20:20:56.691  8963  8988 E TestRunner: 	at org.junit.internal.runners.model.ReflectiveCallable.run(ReflectiveCallable.java:12)
12-22 20:20:56.691  8963  8988 E TestRunner: 	at org.junit.runners.model.FrameworkMethod.invokeExplosively(FrameworkMethod.java:47)
12-22 20:20:56.691  8963  8988 E TestRunner: 	at org.junit.internal.runners.statements.InvokeMethod.evaluate(InvokeMethod.java:17)
12-22 20:20:56.691  8963  8988 E TestRunner: 	at org.junit.runners.ParentRunner.runLeaf(ParentRunner.java:325)
12-22 20:20:56.691  8963  8988 E TestRunner: 	at org.junit.runners.BlockJUnit4ClassRunner.runChild(BlockJUnit4ClassRunner.java:78)
12-22 20:20:56.691  8963  8988 E TestRunner: 	at org.junit.runners.BlockJUnit4ClassRunner.runChild(BlockJUnit4ClassRunner.java:57)
12-22 20:20:56.691  8963  8988 E TestRunner: 	at org.junit.runners.ParentRunner$3.run(ParentRunner.java:290)
12-22 20:20:56.691  8963  8988 E TestRunner: 	at org.junit.runners.ParentRunner$1.schedule(ParentRunner.java:71)
12-22 20:20:56.691  8963  8988 E TestRunner: 	at org.junit.runners.ParentRunner.runChildren(ParentRunner.java:288)
12-22 20:20:56.691  8963  8988 E TestRunner: 	at org.junit.runners.ParentRunner.access$000(ParentRunner.java:58)
12-22 20:20:56.691  8963  8988 E TestRunner: 	at org.junit.runners.ParentRunner$2.evaluate(ParentRunner.java:268)
12-22 20:20:56.691  8963  8988 E TestRunner: 	at org.junit.runners.ParentRunner.run(ParentRunner.java:363)
12-22 20:20:56.691  8963  8988 E TestRunner: 	at androidx.test.ext.junit.runners.AndroidJUnit4.run(AndroidJUnit4.java:162)
12-22 20:20:56.691  8963  8988 E TestRunner: 	at org.junit.runners.Suite.runChild(Suite.java:128)
12-22 20:20:56.691  8963  8988 E TestRunner: 	at org.junit.runners.Suite.runChild(Suite.java:27)
12-22 20:20:56.691  8963  8988 E TestRunner: 	at org.junit.runners.ParentRunner$3.run(ParentRunner.java:290)
12-22 20:20:56.691  8963  8988 E TestRunner: 	at org.junit.runners.ParentRunner$1.schedule(ParentRunner.java:71)
12-22 20:20:56.691  8963  8988 E TestRunner: 	at org.junit.runners.ParentRunner.runChildren(ParentRunner.java:288)
12-22 20:20:56.691  8963  8988 E TestRunner: 	at org.junit.runners.ParentRunner.access$000(ParentRunner.java:58)
12-22 20:20:56.691  8963  8988 E TestRunner: 	at org.junit.runners.ParentRunner$2.evaluate(ParentRunner.java:268)
12-22 20:20:56.691  8963  8988 E TestRunner: 	at org.junit.runners.ParentRunner.run(ParentRunner.java:363)
12-22 20:20:56.691  8963  8988 E TestRunner: 	at org.junit.runner.JUnitCore.run(JUnitCore.java:137)
12-22 20:20:56.691  8963  8988 E TestRunner: 	at org.junit.runner.JUnitCore.run(JUnitCore.java:115)
12-22 20:20:56.691  8963  8988 E TestRunner: 	at androidx.test.internal.runner.TestExecutor.execute(TestExecutor.java:56)
12-22 20:20:56.691  8963  8988 E TestRunner: 	at androidx.test.runner.AndroidJUnitRunner.onStart(AndroidJUnitRunner.java:444)
12-22 20:20:56.691  8963  8988 E TestRunner: 	at android.app.Instrumentation$InstrumentationThread.run(Instrumentation.java:2402)
12-22 20:20:56.691  8963  8988 E TestRunner: Caused by: junit.framework.AssertionFailedError: 'an instance of android.widget.TextView and view.getText() with or without transformation to match: a string containing "Subtotal: $0.50"' doesn't match the selected view.
12-22 20:20:56.691  8963  8988 E TestRunner: Expected: an instance of android.widget.TextView and view.getText() with or without transformation to match: a string containing "Subtotal: $0.50"
12-22 20:20:56.691  8963  8988 E TestRunner:      Got: view.getText() was "Subtotal: $0.00"
12-22 20:20:56.692  8963  8988 E TestRunner: View Details: TextView{id=2131231218, res-name=subtotal, visibility=VISIBLE, width=342, height=67, has-focus=false, has-focusable=false, has-window-focus=true, is-clickable=false, is-enabled=true, is-focused=false, is-focusable=false, is-layout-requested=false, is-selected=false, layout-params=androidx.constraintlayout.widget.ConstraintLayout$LayoutParams@2ff2c05, tag=null, root-is-layout-requested=false, has-input-connection=false, x=694.0, y=813.0, text=Subtotal: $0.00, input-type=0, ime-target=false, has-links=false}
12-22 20:20:56.692  8963  8988 E TestRunner:
12-22 20:20:56.692  8963  8988 E TestRunner: 	at androidx.test.espresso.matcher.ViewMatchers.assertThat(ViewMatchers.java:16)
12-22 20:20:56.692  8963  8988 E TestRunner: 	at androidx.test.espresso.assertion.ViewAssertions$MatchesViewAssertion.check(ViewAssertions.java:11)
12-22 20:20:56.692  8963  8988 E TestRunner: 	at androidx.test.espresso.ViewInteraction$SingleExecutionViewAssertion.check(ViewInteraction.java:2)
12-22 20:20:56.692  8963  8988 E TestRunner: 	at androidx.test.espresso.ViewInteraction$2.call(ViewInteraction.java:12)
12-22 20:20:56.692  8963  8988 E TestRunner: 	at androidx.test.espresso.ViewInteraction$2.call(ViewInteraction.java:1)
12-22 20:20:56.692  8963  8988 E TestRunner: 	at java.util.concurrent.FutureTask.run(FutureTask.java:264)
12-22 20:20:56.692  8963  8988 E TestRunner: 	at android.os.Handler.handleCallback(Handler.java:958)
12-22 20:20:56.692  8963  8988 E TestRunner: 	at android.os.Handler.dispatchMessage(Handler.java:99)
12-22 20:20:56.692  8963  8988 E TestRunner: 	at android.os.Looper.loopOnce(Looper.java:205)
12-22 20:20:56.692  8963  8988 E TestRunner: 	at android.os.Looper.loop(Looper.java:294)
12-22 20:20:56.692  8963  8988 E TestRunner: 	at android.app.ActivityThread.main(ActivityThread.java:8177)
12-22 20:20:56.692  8963  8988 E TestRunner: 	at java.lang.reflect.Method.invoke(Native Method)
12-22 20:20:56.692  8963  8988 E TestRunner: 	at com.android.internal.os.RuntimeInit$MethodAndArgsCaller.run(RuntimeInit.java:552)
12-22 20:20:56.692  8963  8988 E TestRunner: 	at com.android.internal.os.ZygoteInit.main(ZygoteInit.java:971)
12-22 20:20:56.693  8963  8988 E TestRunner: ----- end exception -----
12-22 20:20:56.709  8963  8988 I TestRunner: finished: radio_buttons_update_accompaniment_menu_subtotal(com.example.lunchtray.OrderFunctionalityTests)
