12-22 20:20:46.078  8963  8988 I TestRunner: started: order_reset_after_cancel_from_entree_menu(com.example.lunchtray.OrderFunctionalityTests)
12-22 20:20:46.087  8963  8988 W Settings: Setting always_finish_activities has moved from android.provider.Settings.System to android.provider.Settings.Global, returning read-only value.
12-22 20:20:46.105  1001  1071 D SplashScreenView: Build android.window.SplashScreenView{adc755b V.E...... ......ID 0,0-0,0}
12-22 20:20:46.105  1001  1071 D SplashScreenView: Icon: view: null drawable: null size: 0
12-22 20:20:46.105  1001  1071 D SplashScreenView: Branding: view: android.view.View{b01e1f8 G.ED..... ......I. 0,0-0,0 #10204ef android:id/splashscreen_branding_view} drawable: null size w: 0 h: 0
12-22 20:20:46.146  8963  8963 D LifecycleMonitor: Lifecycle status change: androidx.test.core.app.InstrumentationActivityInvoker$BootstrapActivity@6160f41 in: PRE_ON_CREATE
12-22 20:20:46.147  8963  8963 V ActivityScenario: Activity lifecycle changed event received but ignored because the intent does not match. startActivityIntent=Intent { act=android.intent.action.MAIN cat=[android.intent.category.LAUNCHER] cmp=com.example.lunchtray/.MainActivity }, activity.getIntent()=Intent { act=android.intent.action.MAIN cat=[android.intent.category.LAUNCHER] flg=0x10008000 cmp=com.example.lunchtray/androidx.test.core.app.InstrumentationActivityInvoker$BootstrapActivity (has extras) }, activity=androidx.test.core.app.InstrumentationActivityInvoker$BootstrapActivity@6160f41
12-22 20:20:46.147  8963  8963 V ActivityScenario: Activity lifecycle changed event received but ignored because the intent does not match. startActivityIntent=Intent { act=android.intent.action.MAIN cat=[android.intent.category.LAUNCHER] cmp=com.example.lunchtray/.MainActivity }, activity.getIntent()=Intent { act=android.intent.action.MAIN cat=[android.intent.category.LAUNCHER] flg=0x10008000 cmp=com.example.lunchtray/androidx.test.core.app.InstrumentationActivityInvoker$BootstrapActivity (has extras) }, activity=androidx.test.core.app.InstrumentationActivityInvoker$BootstrapActivity@6160f41
12-22 20:20:46.148  8963  8963 V ActivityScenario: Activity lifecycle changed event received but ignored because the intent does not match. startActivityIntent=Intent { act=android.intent.action.MAIN cat=[android.intent.category.LAUNCHER] cmp=com.example.lunchtray/.MainActivity }, activity.getIntent()=Intent { act=android.intent.action.MAIN cat=[android.intent.category.LAUNCHER] flg=0x10008000 cmp=com.example.lunchtray/androidx.test.core.app.InstrumentationActivityInvoker$BootstrapActivity (has extras) }, activity=androidx.test.core.app.InstrumentationActivityInvoker$BootstrapActivity@6160f41
12-22 20:20:46.151  1001  1096 E OpenGLRenderer: Unable to match the desired swap behavior.
12-22 20:20:46.168  8963  8963 D LifecycleMonitor: Lifecycle status change: androidx.test.core.app.InstrumentationActivityInvoker$BootstrapActivity@6160f41 in: CREATED
12-22 20:20:46.169  8963  8963 V ActivityScenario: Activity lifecycle changed event received but ignored because the intent does not match. startActivityIntent=Intent { act=android.intent.action.MAIN cat=[android.intent.category.LAUNCHER] cmp=com.example.lunchtray/.MainActivity }, activity.getIntent()=Intent { act=android.intent.action.MAIN cat=[android.intent.category.LAUNCHER] flg=0x10008000 cmp=com.example.lunchtray/androidx.test.core.app.InstrumentationActivityInvoker$BootstrapActivity (has extras) }, activity=androidx.test.core.app.InstrumentationActivityInvoker$BootstrapActivity@6160f41
12-22 20:20:46.170  8963  8963 V ActivityScenario: Activity lifecycle changed event received but ignored because the intent does not match. startActivityIntent=Intent { act=android.intent.action.MAIN cat=[android.intent.category.LAUNCHER] cmp=com.example.lunchtray/.MainActivity }, activity.getIntent()=Intent { act=android.intent.action.MAIN cat=[android.intent.category.LAUNCHER] flg=0x10008000 cmp=com.example.lunchtray/androidx.test.core.app.InstrumentationActivityInvoker$BootstrapActivity (has extras) }, activity=androidx.test.core.app.InstrumentationActivityInvoker$BootstrapActivity@6160f41
12-22 20:20:46.170  8963  8963 V ActivityScenario: Activity lifecycle changed event received but ignored because the intent does not match. startActivityIntent=Intent { act=android.intent.action.MAIN cat=[android.intent.category.LAUNCHER] cmp=com.example.lunchtray/.MainActivity }, activity.getIntent()=Intent { act=android.intent.action.MAIN cat=[android.intent.category.LAUNCHER] flg=0x10008000 cmp=com.example.lunchtray/androidx.test.core.app.InstrumentationActivityInvoker$BootstrapActivity (has extras) }, activity=androidx.test.core.app.InstrumentationActivityInvoker$BootstrapActivity@6160f41
12-22 20:20:46.172  8963  8963 D LifecycleMonitor: Lifecycle status change: androidx.test.core.app.InstrumentationActivityInvoker$BootstrapActivity@6160f41 in: STARTED
12-22 20:20:46.176  8963  8963 V ActivityScenario: Activity lifecycle changed event received but ignored because the intent does not match. startActivityIntent=Intent { act=android.intent.action.MAIN cat=[android.intent.category.LAUNCHER] cmp=com.example.lunchtray/.MainActivity }, activity.getIntent()=Intent { act=android.intent.action.MAIN cat=[android.intent.category.LAUNCHER] flg=0x10008000 cmp=com.example.lunchtray/androidx.test.core.app.InstrumentationActivityInvoker$BootstrapActivity (has extras) }, activity=androidx.test.core.app.InstrumentationActivityInvoker$BootstrapActivity@6160f41
12-22 20:20:46.177  8963  8963 V ActivityScenario: Activity lifecycle changed event received but ignored because the intent does not match. startActivityIntent=Intent { act=android.intent.action.MAIN cat=[android.intent.category.LAUNCHER] cmp=com.example.lunchtray/.MainActivity }, activity.getIntent()=Intent { act=android.intent.action.MAIN cat=[android.intent.category.LAUNCHER] flg=0x10008000 cmp=com.example.lunchtray/androidx.test.core.app.InstrumentationActivityInvoker$BootstrapActivity (has extras) }, activity=androidx.test.core.app.InstrumentationActivityInvoker$BootstrapActivity@6160f41
12-22 20:20:46.177   424   424 I BpBinder: onLastStrongRef automatically unlinking death recipients:
12-22 20:20:46.177  8963  8963 V ActivityScenario: Activity lifecycle changed event received but ignored because the intent does not match. startActivityIntent=Intent { act=android.intent.action.MAIN cat=[android.intent.category.LAUNCHER] cmp=com.example.lunchtray/.MainActivity }, activity.getIntent()=Intent { act=android.intent.action.MAIN cat=[android.intent.category.LAUNCHER] flg=0x10008000 cmp=com.example.lunchtray/androidx.test.core.app.InstrumentationActivityInvoker$BootstrapActivity (has extras) }, activity=androidx.test.core.app.InstrumentationActivityInvoker$BootstrapActivity@6160f41
12-22 20:20:46.191  8963  8963 D LifecycleMonitor: Lifecycle status change: androidx.test.core.app.InstrumentationActivityInvoker$BootstrapActivity@6160f41 in: RESUMED
12-22 20:20:46.191  8963  8963 V ActivityScenario: Activity lifecycle changed event received but ignored because the intent does not match. startActivityIntent=Intent { act=android.intent.action.MAIN cat=[android.intent.category.LAUNCHER] cmp=com.example.lunchtray/.MainActivity }, activity.getIntent()=Intent { act=android.intent.action.MAIN cat=[android.intent.category.LAUNCHER] flg=0x10008000 cmp=com.example.lunchtray/androidx.test.core.app.InstrumentationActivityInvoker$BootstrapActivity (has extras) }, activity=androidx.test.core.app.InstrumentationActivityInvoker$BootstrapActivity@6160f41
12-22 20:20:46.191  8963  8963 V ActivityScenario: Activity lifecycle changed event received but ignored because the intent does not match. startActivityIntent=Intent { act=android.intent.action.MAIN cat=[android.intent.category.LAUNCHER] cmp=com.example.lunchtray/.MainActivity }, activity.getIntent()=Intent { act=android.intent.action.MAIN cat=[android.intent.category.LAUNCHER] flg=0x10008000 cmp=com.example.lunchtray/androidx.test.core.app.InstrumentationActivityInvoker$BootstrapActivity (has extras) }, activity=androidx.test.core.app.InstrumentationActivityInvoker$BootstrapActivity@6160f41
12-22 20:20:46.192  8963  8963 V ActivityScenario: Activity lifecycle changed event received but ignored because the intent does not match. startActivityIntent=Intent { act=android.intent.action.MAIN cat=[android.intent.category.LAUNCHER] cmp=com.example.lunchtray/.MainActivity }, activity.getIntent()=Intent { act=android.intent.action.MAIN cat=[android.intent.category.LAUNCHER] flg=0x10008000 cmp=com.example.lunchtray/androidx.test.core.app.InstrumentationActivityInvoker$BootstrapActivity (has extras) }, activity=androidx.test.core.app.InstrumentationActivityInvoker$BootstrapActivity@6160f41
12-22 20:20:46.201  8963  8963 D LifecycleMonitor: Lifecycle status change: androidx.test.core.app.InstrumentationActivityInvoker$BootstrapActivity@6160f41 in: PAUSED
12-22 20:20:46.201  8963  8963 V ActivityScenario: Activity lifecycle changed event received but ignored because the intent does not match. startActivityIntent=Intent { act=android.intent.action.MAIN cat=[android.intent.category.LAUNCHER] cmp=com.example.lunchtray/.MainActivity }, activity.getIntent()=Intent { act=android.intent.action.MAIN cat=[android.intent.category.LAUNCHER] flg=0x10008000 cmp=com.example.lunchtray/androidx.test.core.app.InstrumentationActivityInvoker$BootstrapActivity (has extras) }, activity=androidx.test.core.app.InstrumentationActivityInvoker$BootstrapActivity@6160f41
12-22 20:20:46.201  8963  8963 V ActivityScenario: Activity lifecycle changed event received but ignored because the intent does not match. startActivityIntent=Intent { act=android.intent.action.MAIN cat=[android.intent.category.LAUNCHER] cmp=com.example.lunchtray/.MainActivity }, activity.getIntent()=Intent { act=android.intent.action.MAIN cat=[android.intent.category.LAUNCHER] flg=0x10008000 cmp=com.example.lunchtray/androidx.test.core.app.InstrumentationActivityInvoker$BootstrapActivity (has extras) }, activity=androidx.test.core.app.InstrumentationActivityInvoker$BootstrapActivity@6160f41
12-22 20:20:46.202  8963  8963 V ActivityScenario: Activity lifecycle changed event received but ignored because the intent does not match. startActivityIntent=Intent { act=android.intent.action.MAIN cat=[android.intent.category.LAUNCHER] cmp=com.example.lunchtray/.MainActivity }, activity.getIntent()=Intent { act=android.intent.action.MAIN cat=[android.intent.category.LAUNCHER] flg=0x10008000 cmp=com.example.lunchtray/androidx.test.core.app.InstrumentationActivityInvoker$BootstrapActivity (has extras) }, activity=androidx.test.core.app.InstrumentationActivityInvoker$BootstrapActivity@6160f41
12-22 20:20:46.218  2393  2393 I GsaVoiceInteractionSrv: Handling ACTION_STOP_HOTWORD
12-22 20:20:46.220  2393  3150 E HwDetectorWithState: a: 3
12-22 20:20:46.231  1001  1096 D EGL_emulation: app_time_stats: avg=3560.76ms min=3560.76ms max=3560.76ms count=1
12-22 20:20:46.234  8963  8963 D LifecycleMonitor: Lifecycle status change: com.example.lunchtray.MainActivity@65e7f1f in: PRE_ON_CREATE
12-22 20:20:46.234  8963  8963 V ActivityScenario: Activity lifecycle changed event received but ignored because the reported transition was not ON_CREATE while the last known transition was DESTROYED
12-22 20:20:46.235  8963  8963 V ActivityScenario: Activity lifecycle changed event received but ignored because the reported transition was not ON_CREATE while the last known transition was DESTROYED
12-22 20:20:46.235  8963  8963 V ActivityScenario: Activity lifecycle changed event received but ignored because the reported transition was not ON_CREATE while the last known transition was PRE_ON_CREATE
12-22 20:20:46.245   573   597 I system_server: NativeAlloc concurrent copying GC freed 239735(8518KB) AllocSpace objects, 20(384KB) LOS objects, 47% free, 26MB/50MB, paused 667us,482us total 275.966ms
12-22 20:20:46.258  8963  8963 D LifecycleMonitor: Lifecycle status change: com.example.lunchtray.MainActivity@65e7f1f in: CREATED
12-22 20:20:46.258  8963  8963 V ActivityScenario: Update currentActivityStage to CREATED, currentActivity=com.example.lunchtray.MainActivity@65e7f1f
12-22 20:20:46.258  8963  8963 V ActivityScenario: Update currentActivityStage to CREATED, currentActivity=com.example.lunchtray.MainActivity@65e7f1f
12-22 20:20:46.259  8963  8963 V ActivityScenario: Update currentActivityStage to CREATED, currentActivity=com.example.lunchtray.MainActivity@65e7f1f
12-22 20:20:46.267  8963  8963 D LifecycleMonitor: Lifecycle status change: com.example.lunchtray.MainActivity@65e7f1f in: STARTED
12-22 20:20:46.274  8963  8963 V ActivityScenario: Update currentActivityStage to STARTED, currentActivity=com.example.lunchtray.MainActivity@65e7f1f
12-22 20:20:46.275  8963  8963 V ActivityScenario: Update currentActivityStage to STARTED, currentActivity=com.example.lunchtray.MainActivity@65e7f1f
12-22 20:20:46.275  8963  8963 V ActivityScenario: Update currentActivityStage to STARTED, currentActivity=com.example.lunchtray.MainActivity@65e7f1f
12-22 20:20:46.278  8963  8963 D LifecycleMonitor: Lifecycle status change: com.example.lunchtray.MainActivity@65e7f1f in: RESUMED
12-22 20:20:46.278  8963  8963 V ActivityScenario: Update currentActivityStage to RESUMED, currentActivity=com.example.lunchtray.MainActivity@65e7f1f
12-22 20:20:46.278  8963  8963 V ActivityScenario: Update currentActivityStage to RESUMED, currentActivity=com.example.lunchtray.MainActivity@65e7f1f
12-22 20:20:46.278  8963  8963 V ActivityScenario: Update currentActivityStage to RESUMED, currentActivity=com.example.lunchtray.MainActivity@65e7f1f
12-22 20:20:46.311  8963  8990 E OpenGLRenderer: Unable to match the desired swap behavior.
12-22 20:20:46.318  1304  2345 D EGL_emulation: app_time_stats: avg=18.63ms min=1.82ms max=179.75ms count=32
12-22 20:20:46.332   573   609 W ziparchive: Unable to open '/data/app/~~ltOsS7u6jcohaR34dQNvgA==/com.example.lunchtray-r6348IOCpoTtk9n5aZXxxw==/base.dm': No such file or directory
12-22 20:20:46.334   573   609 I ActivityTaskManager: Displayed com.example.lunchtray/.MainActivity for user 0: +236ms
12-22 20:20:46.338  8963  8963 D RootViewPicker: Root not ready - waiting: 10ms for one to appear.
12-22 20:20:46.350  8963  8963 D RootViewPicker: Root not ready - waiting: 25ms for one to appear.
12-22 20:20:46.473  8963  8963 D RootViewPicker: Root not ready - waiting: 50ms for one to appear.
12-22 20:20:46.539  8963  8963 D RootViewPicker: Root not ready - waiting: 100ms for one to appear.
12-22 20:20:46.546  1001  1096 D EGL_emulation: app_time_stats: avg=390.02ms min=2.41ms max=4196.62ms count=12
12-22 20:20:46.604   573  1068 I ImeTracker: com.example.lunchtray:45b937f0: onRequestHide at ORIGIN_SERVER_HIDE_INPUT reason HIDE_UNSPECIFIED_WINDOW
12-22 20:20:46.607   573  1068 I ImeTracker: com.example.lunchtray:45b937f0: onCancelled at PHASE_SERVER_SHOULD_HIDE
12-22 20:20:46.614  1691  1691 I GoogleInputMethodService: GoogleInputMethodService.onFinishInput():3227
12-22 20:20:46.615  1691  1691 I GoogleInputMethodService: GoogleInputMethodService.updateDeviceLockedStatus():2087 repeatCheckTimes = 0, unlocked = true
12-22 20:20:46.616  1691  1691 I GoogleInputMethodService: GoogleInputMethodService.onStartInput():1877 onStartInput(EditorInfo{inputType=0x0(NULL) imeOptions=0x0 privateImeOptions=null actionName=UNSPECIFIED actionLabel=null actionId=0 initialSelStart=-1 initialSelEnd=-1 initialCapsMode=0x0 hintText=null label=null packageName=com.example.lunchtray fieldId=0 fieldName=null extras=null}, false)
12-22 20:20:46.617  1691  1691 I GoogleInputMethodService: GoogleInputMethodService.shouldHideHeaderOnInitialState():4008 ShouldHideHeaderOnInitialState = false
12-22 20:20:46.618  1691  1691 I GoogleInputMethodService: GoogleInputMethodService.updateDeviceLockedStatus():2087 repeatCheckTimes = 2, unlocked = true
12-22 20:20:46.619  8963  8963 D LifecycleMonitor: Lifecycle status change: androidx.test.core.app.InstrumentationActivityInvoker$BootstrapActivity@6160f41 in: STOPPED
12-22 20:20:46.621  8963  8963 V ActivityScenario: Activity lifecycle changed event received but ignored because the intent does not match. startActivityIntent=Intent { act=android.intent.action.MAIN cat=[android.intent.category.LAUNCHER] cmp=com.example.lunchtray/.MainActivity }, activity.getIntent()=Intent { act=android.intent.action.MAIN cat=[android.intent.category.LAUNCHER] flg=0x10008000 cmp=com.example.lunchtray/androidx.test.core.app.InstrumentationActivityInvoker$BootstrapActivity (has extras) }, activity=androidx.test.core.app.InstrumentationActivityInvoker$BootstrapActivity@6160f41
12-22 20:20:46.622  8963  8963 V ActivityScenario: Activity lifecycle changed event received but ignored because the intent does not match. startActivityIntent=Intent { act=android.intent.action.MAIN cat=[android.intent.category.LAUNCHER] cmp=com.example.lunchtray/.MainActivity }, activity.getIntent()=Intent { act=android.intent.action.MAIN cat=[android.intent.category.LAUNCHER] flg=0x10008000 cmp=com.example.lunchtray/androidx.test.core.app.InstrumentationActivityInvoker$BootstrapActivity (has extras) }, activity=androidx.test.core.app.InstrumentationActivityInvoker$BootstrapActivity@6160f41
12-22 20:20:46.622  8963  8963 V ActivityScenario: Activity lifecycle changed event received but ignored because the intent does not match. startActivityIntent=Intent { act=android.intent.action.MAIN cat=[android.intent.category.LAUNCHER] cmp=com.example.lunchtray/.MainActivity }, activity.getIntent()=Intent { act=android.intent.action.MAIN cat=[android.intent.category.LAUNCHER] flg=0x10008000 cmp=com.example.lunchtray/androidx.test.core.app.InstrumentationActivityInvoker$BootstrapActivity (has extras) }, activity=androidx.test.core.app.InstrumentationActivityInvoker$BootstrapActivity@6160f41
12-22 20:20:46.627  1304  6829 D OneSearchSuggestProvider: Shut down the binder channel
12-22 20:20:46.627  1304  1340 I IPCThreadState: oneway function results for code 2 on binder at 0x746072b16520 will be dropped but finished with status UNKNOWN_TRANSACTION
12-22 20:20:46.628  1304  1362 I ImeTracker: com.google.android.apps.nexuslauncher:b013287e: onRequestHide at ORIGIN_CLIENT_HIDE_SOFT_INPUT reason HIDE_SOFT_INPUT
12-22 20:20:46.629   573  2189 I ImeTracker: com.google.android.apps.nexuslauncher:b013287e: onCancelled at PHASE_SERVER_CLIENT_FOCUSED
12-22 20:20:46.671  8963  8963 I ViewInteraction: Performing 'single click' action on view view.getId() is <2131231209/com.example.lunchtray:id/start_order_btn>
12-22 20:20:46.674  1304  1304 D TaplEvents: TIS / TouchInteractionService.onInputEvent: MotionEvent { action=ACTION_DOWN, actionButton=0, id[0]=0, x[0]=540.0, y[0]=1197.5, toolType[0]=TOOL_TYPE_UNKNOWN, buttonState=BUTTON_PRIMARY, classification=NONE, metaState=0, flags=0x0, edgeFlags=0x0, pointerCount=1, historySize=0, eventTime=6669672, downTime=6669672, deviceId=-1, source=0x1002, displayId=0, eventId=-459450873 }
12-22 20:20:46.676  8963  8963 D AutofillManager: Fill dialog is enabled:false, hints=[password, passwordAuto, creditCardNumber, creditCardSecurityCode, creditCardExpirationDate]
12-22 20:20:46.838  1304  1304 D TaplEvents: TIS / TouchInteractionService.onInputEvent: MotionEvent { action=ACTION_UP, actionButton=0, id[0]=0, x[0]=540.0, y[0]=1197.5, toolType[0]=TOOL_TYPE_FINGER, buttonState=BUTTON_PRIMARY, classification=NONE, metaState=0, flags=0x0, edgeFlags=0x0, pointerCount=1, historySize=0, eventTime=6669835, downTime=6669672, deviceId=-1, source=0x1002, displayId=0, eventId=-230426388 }
12-22 20:20:46.850   420   683 D audioserver: FGS Logger Transaction failed
12-22 20:20:46.851   420   683 D audioserver: -129
12-22 20:20:46.910   420   508 D AF::Track: interceptBuffer: took 622us to intercept 0 tracks
12-22 20:20:46.938  1001  1070 W WindowOnBackDispatcher: sendCancelIfRunning: isInProgress=falsecallback=android.view.ViewRootImpl$$ExternalSyntheticLambda17@3df2ec2
12-22 20:20:46.944   573  1068 W InputManager-JNI: Input channel object '212f56d Splash Screen com.example.lunchtray (client)' was disposed without first being removed with the input manager!
12-22 20:20:47.032  8963  8972 W ample.lunchtray: Cleared Reference was only reachable from finalizer (only reported once)
12-22 20:20:47.054  8963  8963 D AutofillManager: notifyViewEnteredForFillDialog:1073741825
12-22 20:20:47.057  8963  8963 D AutofillManager: notifyViewEnteredForFillDialog:1073741826
12-22 20:20:47.058  8963  8963 D AutofillManager: notifyViewEnteredForFillDialog:1073741827
12-22 20:20:47.060  8963  8963 D AutofillManager: notifyViewEnteredForFillDialog:1073741828
12-22 20:20:47.062  8963  8963 D AutofillManager: notifyViewEnteredForFillDialog:1073741824
12-22 20:20:47.068   420   508 D audioserver: FGS Logger Transaction failed
12-22 20:20:47.068   420   508 D audioserver: -129
12-22 20:20:47.471  8963  8963 I ViewInteraction: Performing 'single click' action on view view.getId() is <2131230844/com.example.lunchtray:id/cauliflower>
12-22 20:20:47.491  1304  1304 D TaplEvents: TIS / TouchInteractionService.onInputEvent: MotionEvent { action=ACTION_DOWN, actionButton=0, id[0]=0, x[0]=206.0, y[0]=285.5, toolType[0]=TOOL_TYPE_UNKNOWN, buttonState=BUTTON_PRIMARY, classification=NONE, metaState=0, flags=0x0, edgeFlags=0x0, pointerCount=1, historySize=0, eventTime=6670479, downTime=6670478, deviceId=-1, source=0x1002, displayId=0, eventId=-1017332300 }
12-22 20:20:47.536  1304  1304 D TaplEvents: TIS / TouchInteractionService.onInputEvent: MotionEvent { action=ACTION_UP, actionButton=0, id[0]=0, x[0]=206.0, y[0]=285.5, toolType[0]=TOOL_TYPE_FINGER, buttonState=BUTTON_PRIMARY, classification=NONE, metaState=0, flags=0x0, edgeFlags=0x0, pointerCount=1, historySize=0, eventTime=6670523, downTime=6670478, deviceId=-1, source=0x1002, displayId=0, eventId=-485313168 }
12-22 20:20:47.554  8963  8990 D EGL_emulation: app_time_stats: avg=23.23ms min=2.02ms max=303.25ms count=28
12-22 20:20:47.560  1001  1096 D EGL_emulation: app_time_stats: avg=16.74ms min=1.48ms max=77.79ms count=32
12-22 20:20:47.565   420   683 D audioserver: FGS Logger Transaction failed
12-22 20:20:47.565   420   683 D audioserver: -129
12-22 20:20:47.572  8963  8963 D AutofillManager: notifyViewEnteredForFillDialog:1073741825
12-22 20:20:47.820   420   508 D audioserver: FGS Logger Transaction failed
12-22 20:20:47.820   420   508 D audioserver: -129
12-22 20:20:47.994  8963  8963 I ViewInteraction: Performing 'single click' action on view view.getId() is <2131230842/com.example.lunchtray:id/cancel_button>
12-22 20:20:47.999  1304  1304 D TaplEvents: TIS / TouchInteractionService.onInputEvent: MotionEvent { action=ACTION_DOWN, actionButton=0, id[0]=0, x[0]=280.5, y[0]=1718.5, toolType[0]=TOOL_TYPE_UNKNOWN, buttonState=BUTTON_PRIMARY, classification=NONE, metaState=0, flags=0x0, edgeFlags=0x0, pointerCount=1, historySize=0, eventTime=6670997, downTime=6670997, deviceId=-1, source=0x1002, displayId=0, eventId=-884128351 }
12-22 20:20:48.070  1304  1304 D TaplEvents: TIS / TouchInteractionService.onInputEvent: MotionEvent { action=ACTION_UP, actionButton=0, id[0]=0, x[0]=280.5, y[0]=1718.5, toolType[0]=TOOL_TYPE_FINGER, buttonState=BUTTON_PRIMARY, classification=NONE, metaState=0, flags=0x0, edgeFlags=0x0, pointerCount=1, historySize=0, eventTime=6671061, downTime=6670997, deviceId=-1, source=0x1002, displayId=0, eventId=-755723381 }
12-22 20:20:48.095   420   683 D audioserver: FGS Logger Transaction failed
12-22 20:20:48.095   420   683 D audioserver: -129
12-22 20:20:48.105   420   508 D AF::Track: interceptBuffer: took 1541us to intercept 0 tracks
12-22 20:20:48.317   420   508 D audioserver: FGS Logger Transaction failed
12-22 20:20:48.318   420   508 D audioserver: -129
12-22 20:20:48.511  8963  8963 I ViewInteraction: Performing 'single click' action on view view.getId() is <2131231209/com.example.lunchtray:id/start_order_btn>
12-22 20:20:48.528  1304  1304 D TaplEvents: TIS / TouchInteractionService.onInputEvent: MotionEvent { action=ACTION_DOWN, actionButton=0, id[0]=0, x[0]=540.0, y[0]=1197.5, toolType[0]=TOOL_TYPE_UNKNOWN, buttonState=BUTTON_PRIMARY, classification=NONE, metaState=0, flags=0x0, edgeFlags=0x0, pointerCount=1, historySize=0, eventTime=6671521, downTime=6671521, deviceId=-1, source=0x1002, displayId=0, eventId=-941704161 }
12-22 20:20:48.575  8963  8990 D EGL_emulation: app_time_stats: avg=16.67ms min=2.98ms max=186.11ms count=29
12-22 20:20:48.703  1304  1304 D TaplEvents: TIS / TouchInteractionService.onInputEvent: MotionEvent { action=ACTION_UP, actionButton=0, id[0]=0, x[0]=540.0, y[0]=1197.5, toolType[0]=TOOL_TYPE_FINGER, buttonState=BUTTON_PRIMARY, classification=NONE, metaState=0, flags=0x0, edgeFlags=0x0, pointerCount=1, historySize=0, eventTime=6671691, downTime=6671521, deviceId=-1, source=0x1002, displayId=0, eventId=-404556593 }
12-22 20:20:48.756   420   683 D audioserver: FGS Logger Transaction failed
12-22 20:20:48.758   420   683 D audioserver: -129
12-22 20:20:48.952   420   508 D audioserver: FGS Logger Transaction failed
12-22 20:20:48.952   420   508 D audioserver: -129
12-22 20:20:49.043  8963  8963 D AutofillManager: notifyViewEnteredForFillDialog:1073741830
12-22 20:20:49.047  8963  8963 D AutofillManager: notifyViewEnteredForFillDialog:1073741831
12-22 20:20:49.049  8963  8963 D AutofillManager: notifyViewEnteredForFillDialog:1073741832
12-22 20:20:49.051  8963  8963 D AutofillManager: notifyViewEnteredForFillDialog:1073741833
12-22 20:20:49.052  8963  8963 D AutofillManager: notifyViewEnteredForFillDialog:1073741829
12-22 20:20:49.335  8963  8963 I ViewInteraction: Checking 'MatchesViewAssertion{viewMatcher=(view has effective visibility <VISIBLE> and view.getGlobalVisibleRect() to return non-empty rectangle)}' assertion on view an instance of android.widget.TextView and view.getText() with or without transformation to match: is "Subtotal: $0.00"
12-22 20:20:49.338  8963  8988 I TestRunner: finished: order_reset_after_cancel_from_entree_menu(com.example.lunchtray.OrderFunctionalityTests)
